Component: ARM Compiler 5.05 update 2 (build 169) Tool: armlink [4d0f33]

==============================================================================

Section Cross References

    main.o(i.main) refers to _printf_percent.o(.ARM.Collect$$_printf_percent$$00000000) for _printf_percent
    main.o(i.main) refers to _printf_s.o(.ARM.Collect$$_printf_percent$$00000014) for _printf_s
    main.o(i.main) refers to _printf_str.o(.text) for _printf_str
    main.o(i.main) refers to misc.o(i.NVIC_PriorityGroupConfig) for NVIC_PriorityGroupConfig
    main.o(i.main) refers to delay.o(i.delay_init) for delay_init
    main.o(i.main) refers to usart.o(i.uart_init) for uart_init
    main.o(i.main) refers to led.o(i.LED_Init) for LED_Init
    main.o(i.main) refers to beep.o(i.BEEP_Init) for BEEP_Init
    main.o(i.main) refers to remote.o(i.Remote_Init) for Remote_Init
    main.o(i.main) refers to bcomponent.o(i.BCOMPONENT_Init) for BCOMPONENT_Init
    main.o(i.main) refers to delay.o(i.delay_ms) for delay_ms
    main.o(i.main) refers to hc05.o(i.HC05_Init) for HC05_Init
    main.o(i.main) refers to usart3.o(i.u3_printf) for u3_printf
    main.o(i.main) refers to __2printf.o(.text) for __2printf
    main.o(i.main) refers to remote.o(i.Remote_Scan) for Remote_Scan
    main.o(i.main) refers to usart3.o(.data) for USART3_RX_STA
    main.o(i.main) refers to usart3.o(.bss) for USART3_RX_BUF
    main.o(i.main) refers to usart.o(.data) for USART_RX_STA
    main.o(i.main) refers to usart.o(.bss) for USART_RX_BUF
    system_stm32f4xx.o(i.SystemCoreClockUpdate) refers to system_stm32f4xx.o(.data) for SystemCoreClock
    system_stm32f4xx.o(i.SystemInit) refers to system_stm32f4xx.o(i.SetSysClock) for SetSysClock
    led.o(i.LED_Init) refers to stm32f4xx_rcc.o(i.RCC_AHB1PeriphClockCmd) for RCC_AHB1PeriphClockCmd
    led.o(i.LED_Init) refers to stm32f4xx_gpio.o(i.GPIO_Init) for GPIO_Init
    led.o(i.LED_Init) refers to stm32f4xx_gpio.o(i.GPIO_SetBits) for GPIO_SetBits
    beep.o(i.BEEP_Init) refers to stm32f4xx_rcc.o(i.RCC_AHB1PeriphClockCmd) for RCC_AHB1PeriphClockCmd
    beep.o(i.BEEP_Init) refers to stm32f4xx_gpio.o(i.GPIO_Init) for GPIO_Init
    beep.o(i.BEEP_Init) refers to stm32f4xx_gpio.o(i.GPIO_ResetBits) for GPIO_ResetBits
    remote.o(i.Remote_Init) refers to stm32f4xx_rcc.o(i.RCC_AHB1PeriphClockCmd) for RCC_AHB1PeriphClockCmd
    remote.o(i.Remote_Init) refers to stm32f4xx_rcc.o(i.RCC_APB2PeriphClockCmd) for RCC_APB2PeriphClockCmd
    remote.o(i.Remote_Init) refers to stm32f4xx_gpio.o(i.GPIO_Init) for GPIO_Init
    remote.o(i.Remote_Init) refers to stm32f4xx_gpio.o(i.GPIO_PinAFConfig) for GPIO_PinAFConfig
    remote.o(i.Remote_Init) refers to stm32f4xx_tim.o(i.TIM_TimeBaseInit) for TIM_TimeBaseInit
    remote.o(i.Remote_Init) refers to stm32f4xx_tim.o(i.TIM_ICInit) for TIM_ICInit
    remote.o(i.Remote_Init) refers to stm32f4xx_tim.o(i.TIM_ITConfig) for TIM_ITConfig
    remote.o(i.Remote_Init) refers to stm32f4xx_tim.o(i.TIM_Cmd) for TIM_Cmd
    remote.o(i.Remote_Init) refers to misc.o(i.NVIC_Init) for NVIC_Init
    remote.o(i.Remote_Scan) refers to remote.o(.data) for RmtSta
    remote.o(i.TIM1_CC_IRQHandler) refers to stm32f4xx_tim.o(i.TIM_GetITStatus) for TIM_GetITStatus
    remote.o(i.TIM1_CC_IRQHandler) refers to stm32f4xx_tim.o(i.TIM_OC1PolarityConfig) for TIM_OC1PolarityConfig
    remote.o(i.TIM1_CC_IRQHandler) refers to stm32f4xx_tim.o(i.TIM_SetCounter) for TIM_SetCounter
    remote.o(i.TIM1_CC_IRQHandler) refers to stm32f4xx_tim.o(i.TIM_GetCapture1) for TIM_GetCapture1
    remote.o(i.TIM1_CC_IRQHandler) refers to stm32f4xx_tim.o(i.TIM_ClearITPendingBit) for TIM_ClearITPendingBit
    remote.o(i.TIM1_CC_IRQHandler) refers to remote.o(.data) for RmtSta
    remote.o(i.TIM1_UP_TIM10_IRQHandler) refers to stm32f4xx_tim.o(i.TIM_GetITStatus) for TIM_GetITStatus
    remote.o(i.TIM1_UP_TIM10_IRQHandler) refers to stm32f4xx_tim.o(i.TIM_ClearITPendingBit) for TIM_ClearITPendingBit
    remote.o(i.TIM1_UP_TIM10_IRQHandler) refers to remote.o(.data) for RmtSta
    hc05.o(i.HC05_CFG_CMD) refers to _printf_percent.o(.ARM.Collect$$_printf_percent$$00000000) for _printf_percent
    hc05.o(i.HC05_CFG_CMD) refers to _printf_s.o(.ARM.Collect$$_printf_percent$$00000014) for _printf_s
    hc05.o(i.HC05_CFG_CMD) refers to _printf_str.o(.text) for _printf_str
    hc05.o(i.HC05_CFG_CMD) refers to delay.o(i.delay_ms) for delay_ms
    hc05.o(i.HC05_CFG_CMD) refers to usart3.o(i.u3_printf) for u3_printf
    hc05.o(i.HC05_CFG_CMD) refers to __2printf.o(.text) for __2printf
    hc05.o(i.HC05_CFG_CMD) refers to usart3.o(.data) for USART3_RX_STA
    hc05.o(i.HC05_CFG_CMD) refers to usart3.o(.bss) for USART3_RX_BUF
    hc05.o(i.HC05_Get_Role) refers to delay.o(i.delay_ms) for delay_ms
    hc05.o(i.HC05_Get_Role) refers to usart3.o(i.u3_printf) for u3_printf
    hc05.o(i.HC05_Get_Role) refers to usart3.o(.data) for USART3_RX_STA
    hc05.o(i.HC05_Get_Role) refers to usart3.o(.bss) for USART3_RX_BUF
[...]
    .ARM.Collect$$_printf_percent$$00000008  0x0800022a   Section        6  _printf_i.o(.ARM.Collect$$_printf_percent$$00000008)
    .ARM.Collect$$_printf_percent$$00000009  0x08000230   Section        6  _printf_d.o(.ARM.Collect$$_printf_percent$$00000009)
    .ARM.Collect$$_printf_percent$$0000000A  0x08000236   Section        6  _printf_u.o(.ARM.Collect$$_printf_percent$$0000000A)
    .ARM.Collect$$_printf_percent$$0000000B  0x0800023c   Section        6  _printf_o.o(.ARM.Collect$$_printf_percent$$0000000B)
    .ARM.Collect$$_printf_percent$$0000000C  0x08000242   Section        6  _printf_x.o(.ARM.Collect$$_printf_percent$$0000000C)
    .ARM.Collect$$_printf_percent$$0000000D  0x08000248   Section        6  _printf_lli.o(.ARM.Collect$$_printf_percent$$0000000D)
    .ARM.Collect$$_printf_percent$$0000000E  0x0800024e   Section        6  _printf_lld.o(.ARM.Collect$$_printf_percent$$0000000E)
    .ARM.Collect$$_printf_percent$$0000000F  0x08000254   Section        6  _printf_llu.o(.ARM.Collect$$_printf_percent$$0000000F)
    .ARM.Collect$$_printf_percent$$00000010  0x0800025a   Section        6  _printf_llo.o(.ARM.Collect$$_printf_percent$$00000010)
    .ARM.Collect$$_printf_percent$$00000011  0x08000260   Section        6  _printf_llx.o(.ARM.Collect$$_printf_percent$$00000011)
    .ARM.Collect$$_printf_percent$$00000012  0x08000266   Section       10  _printf_l.o(.ARM.Collect$$_printf_percent$$00000012)
    .ARM.Collect$$_printf_percent$$00000013  0x08000270   Section        6  _printf_c.o(.ARM.Collect$$_printf_percent$$00000013)
    .ARM.Collect$$_printf_percent$$00000014  0x08000276   Section        6  _printf_s.o(.ARM.Collect$$_printf_percent$$00000014)
    .ARM.Collect$$_printf_percent$$00000015  0x0800027c   Section        6  _printf_lc.o(.ARM.Collect$$_printf_percent$$00000015)
    .ARM.Collect$$_printf_percent$$00000016  0x08000282   Section        6  _printf_ls.o(.ARM.Collect$$_printf_percent$$00000016)
    .ARM.Collect$$_printf_percent$$00000017  0x08000288   Section        4  _printf_percent_end.o(.ARM.Collect$$_printf_percent$$00000017)
    .ARM.Collect$$libinit$$00000000          0x0800028c   Section        2  libinit.o(.ARM.Collect$$libinit$$00000000)
    .ARM.Collect$$libinit$$00000001          0x0800028e   Section        4  libinit2.o(.ARM.Collect$$libinit$$00000001)
    .ARM.Collect$$libinit$$00000004          0x08000292   Section        0  libinit2.o(.ARM.Collect$$libinit$$00000004)
    .ARM.Collect$$libinit$$0000000A          0x08000292   Section        0  libinit2.o(.ARM.Collect$$libinit$$0000000A)
    .ARM.Collect$$libinit$$0000000C          0x08000292   Section        0  libinit2.o(.ARM.Collect$$libinit$$0000000C)
    .ARM.Collect$$libinit$$0000000E          0x08000292   Section        0  libinit2.o(.ARM.Collect$$libinit$$0000000E)
    .ARM.Collect$$libinit$$0000000F          0x08000292   Section        6  libinit2.o(.ARM.Collect$$libinit$$0000000F)
    .ARM.Collect$$libinit$$00000011          0x08000298   Section        0  libinit2.o(.ARM.Collect$$libinit$$00000011)
    .ARM.Collect$$libinit$$00000012          0x08000298   Section       12  libinit2.o(.ARM.Collect$$libinit$$00000012)
    .ARM.Collect$$libinit$$00000013          0x080002a4   Section        0  libinit2.o(.ARM.Collect$$libinit$$00000013)
    .ARM.Collect$$libinit$$00000015          0x080002a4   Section        0  libinit2.o(.ARM.Collect$$libinit$$00000015)
    .ARM.Collect$$libinit$$00000016          0x080002a4   Section       10  libinit2.o(.ARM.Collect$$libinit$$00000016)
    .ARM.Collect$$libinit$$00000017          0x080002ae   Section        0  libinit2.o(.ARM.Collect$$libinit$$00000017)
    .ARM.Collect$$libinit$$00000019          0x080002ae   Section        0  libinit2.o(.ARM.Collect$$libinit$$00000019)
    .ARM.Collect$$libinit$$0000001B          0x080002ae   Section        0  libinit2.o(.ARM.Collect$$libinit$$0000001B)
    .ARM.Collect$$libinit$$0000001D          0x080002ae   Section        0  libinit2.o(.ARM.Collect$$libinit$$0000001D)
    .ARM.Collect$$libinit$$0000001F          0x080002ae   Section        0  libinit2.o(.ARM.Collect$$libinit$$0000001F)
    .ARM.Collect$$libinit$$00000021          0x080002ae   Section        0  libinit2.o(.ARM.Collect$$libinit$$00000021)
    .ARM.Collect$$libinit$$00000023          0x080002ae   Section        0  libinit2.o(.ARM.Collect$$libinit$$00000023)
    .ARM.Collect$$libinit$$00000025          0x080002ae   Section        0  libinit2.o(.ARM.Collect$$libinit$$00000025)
    .ARM.Collect$$libinit$$0000002C          0x080002ae   Section        0  libinit2.o(.ARM.Collect$$libinit$$0000002C)
    .ARM.Collect$$libinit$$0000002E          0x080002ae   Section        0  libinit2.o(.ARM.Collect$$libinit$$0000002E)
    .ARM.Collect$$libinit$$00000030          0x080002ae   Section        0  libinit2.o(.ARM.Collect$$libinit$$00000030)
    .ARM.Collect$$libinit$$00000032          0x080002ae   Section        0  libinit2.o(.ARM.Collect$$libinit$$00000032)
    .ARM.Collect$$libinit$$00000033          0x080002ae   Section        2  libinit2.o(.ARM.Collect$$libinit$$00000033)
    .ARM.Collect$$libshutdown$$00000000      0x080002b0   Section        2  libshutdown.o(.ARM.Collect$$libshutdown$$00000000)
    .ARM.Collect$$libshutdown$$00000003      0x080002b2   Section        0  libshutdown2.o(.ARM.Collect$$libshutdown$$00000003)
    .ARM.Collect$$libshutdown$$00000006      0x080002b2   Section        0  libshutdown2.o(.ARM.Collect$$libshutdown$$00000006)
    .ARM.Collect$$libshutdown$$00000009      0x080002b2   Section        0  libshutdown2.o(.ARM.Collect$$libshutdown$$00000009)
    .ARM.Collect$$libshutdown$$0000000B      0x080002b2   Section        0  libshutdown2.o(.ARM.Collect$$libshutdown$$0000000B)
    .ARM.Collect$$libshutdown$$0000000E      0x080002b2   Section        0  libshutdown2.o(.ARM.Collect$$libshutdown$$0000000E)
    .ARM.Collect$$libshutdown$$0000000F      0x080002b2   Section        2  libshutdown2.o(.ARM.Collect$$libshutdown$$0000000F)
    .ARM.Collect$$rtentry$$00000000          0x080002b4   Section        0  __rtentry.o(.ARM.Collect$$rtentry$$00000000)
    .ARM.Collect$$rtentry$$00000002          0x080002b4   Section        0  __rtentry2.o(.ARM.Collect$$rtentry$$00000002)
    .ARM.Collect$$rtentry$$00000004          0x080002b4   Section        6  __rtentry4.o(.ARM.Collect$$rtentry$$00000004)
    .ARM.Collect$$rtentry$$00000009          0x080002ba   Section        0  __rtentry2.o(.ARM.Collect$$rtentry$$00000009)
    .ARM.Collect$$rtentry$$0000000A          0x080002ba   Section        4  __rtentry2.o(.ARM.Collect$$rtentry$$0000000A)
    .ARM.Collect$$rtentry$$0000000C          0x080002be   Section        0  __rtentry2.o(.ARM.Collect$$rtentry$$0000000C)
    .ARM.Collect$$rtentry$$0000000D          0x080002be   Section        8  __rtentry2.o(.ARM.Collect$$rtentry$$0000000D)
    .ARM.Collect$$rtexit$$00000000           0x080002c6   Section        2  rtexit.o(.ARM.Collect$$rtexit$$00000000)
    .ARM.Collect$$rtexit$$00000002           0x080002c8   Section        0  rtexit2.o(.ARM.Collect$$rtexit$$00000002)
    .ARM.Collect$$rtexit$$00000003           0x080002c8   Section        4  rtexit2.o(.ARM.Collect$$rtexit$$00000003)
    .ARM.Collect$$rtexit$$00000004           0x080002cc   Section        6  rtexit2.o(.ARM.Collect$$rtexit$$00000004)
    .text                                    0x080002d4   Section       64  startup_stm32f40_41xxx.o(.text)
    $v0                                      0x080002d4   Number         0  startup_stm32f40_41xxx.o(.text)
    .text                                    0x08000314   Section        2  use_no_semi_2.o(.text)
    .text                                    0x08000318   Section        0  vsprintf.o(.text)
    .text                                    0x0800033c   Section        0  __2printf.o(.text)
    .text                                    0x08000354   Section        0  _printf_str.o(.text)
    .text                                    0x080003a8   Section        0  __printf_flags_ss_wp.o(.text)
    .text                                    0x08000530   Section        0  strlen.o(.text)
    .text                                    0x0800056e   Section        0  heapauxi.o(.text)
    .text                                    0x08000574   Section        2  use_no_semi.o(.text)
    .text                                    0x08000576   Section        0  _printf_pad.o(.text)
    .text                                    0x080005c4   Section        0  _printf_truncate.o(.text)
    .text                                    0x080005e8   Section        0  _printf_dec.o(.text)
    .text                                    0x08000660   Section        0  _printf_charcount.o(.text)
    .text                                    0x08000688   Section        0  _printf_char_common.o(.text)
    _printf_input_char                       0x08000689   Thumb Code    10  _printf_char_common.o(.text)
    .text                                    0x080006b8   Section        0  _sputc.o(.text)
    .text                                    0x080006c2   Section        0  _printf_char.o(.text)
    .text                                    0x080006f0   Section        0  _printf_char_file.o(.text)
    .text                                    0x08000714   Section        0  _printf_wctomb.o(.text)
    .text                                    0x080007d0   Section        0  _printf_longlong_dec.o(.text)
    .text                                    0x0800084c   Section        0  _printf_oct_int_ll.o(.text)
    _printf_longlong_oct_internal            0x0800084d   Thumb Code     0  _printf_oct_int_ll.o(.text)
    .text                                    0x080008bc   Section        0  _printf_hex_int_ll_ptr.o(.text)
    _printf_hex_common                       0x080008bd   Thumb Code     0  _printf_hex_int_ll_ptr.o(.text)
    .text                                    0x08000950   Section      138  lludiv10.o(.text)
    .text                                    0x080009da   Section        0  _printf_intcommon.o(.text)
    .text                                    0x08000a8c   Section        0  _printf_fp_dec.o(.text)
    _fp_digits                               0x08000a8f   Thumb Code   428  _printf_fp_dec.o(.text)
    .text                                    0x08000ea8   Section        0  _printf_fp_hex.o(.text)
    .text                                    0x080011a4   Section        0  _printf_wchar.o(.text)
    .text                                    0x080011d0   Section        0  ferror.o(.text)
    .text                                    0x080011d8   Section        0  _wcrtomb.o(.text)
    .text                                    0x08001218   Section       74  sys_stackheap_outer.o(.text)
    .text                                    0x08001264   Section       16  rt_ctype_table.o(.text)
    .text                                    0x08001274   Section        8  rt_locale_intlibspace.o(.text)
    .text                                    0x0800127c   Section        0  _printf_fp_infnan.o(.text)
    .text                                    0x080012fc   Section        0  bigflt0.o(.text)
    .text                                    0x080013d8   Section        0  exit.o(.text)
    .text                                    0x080013e4   Section        8  libspace.o(.text)
    .text                                    0x080013ec   Section      128  strcmpv7m.o(.text)
    CL$$btod_d2e                             0x0800146c   Section       62  btod.o(CL$$btod_d2e)
    CL$$btod_d2e_denorm_low                  0x080014aa   Section       70  btod.o(CL$$btod_d2e_denorm_low)
    CL$$btod_d2e_norm_op1                    0x080014f0   Section       96  btod.o(CL$$btod_d2e_norm_op1)
    CL$$btod_div_common                      0x08001550   Section      824  btod.o(CL$$btod_div_common)
    CL$$btod_e2e                             0x08001888   Section      198  btod.o(CL$$btod_e2e)
    CL$$btod_ediv                            0x0800194e   Section       40  btod.o(CL$$btod_ediv)
    CL$$btod_emul                            0x08001976   Section       40  btod.o(CL$$btod_emul)
    CL$$btod_mult_common                     0x0800199e   Section      580  btod.o(CL$$btod_mult_common)
    i.BCOMPONENT_Init                        0x08001be4   Section        0  bcomponent.o(i.BCOMPONENT_Init)
    i.BEEP_Init                              0x08001cf0   Section        0  beep.o(i.BEEP_Init)
    i.BusFault_Handler                       0x08001d30   Section        0  stm32f4xx_it.o(i.BusFault_Handler)
    i.DebugMon_Handler                       0x08001d34   Section        0  stm32f4xx_it.o(i.DebugMon_Handler)
    i.GPIO_Init                              0x08001d36   Section        0  stm32f4xx_gpio.o(i.GPIO_Init)
    i.GPIO_PinAFConfig                       0x08001dc6   Section        0  stm32f4xx_gpio.o(i.GPIO_PinAFConfig)
    i.GPIO_ResetBits                         0x08001e0c   Section        0  stm32f4xx_gpio.o(i.GPIO_ResetBits)
    i.GPIO_SetBits                           0x08001e10   Section        0  stm32f4xx_gpio.o(i.GPIO_SetBits)
    i.HC05_Init                              0x08001e14   Section        0  hc05.o(i.HC05_Init)
    i.HardFault_Handler                      0x08001e88   Section        0  stm32f4xx_it.o(i.HardFault_Handler)
    i.LED_Init                               0x08001e8c   Section        0  led.o(i.LED_Init)
    i.MemManage_Handler                      0x08001ecc   Section        0  stm32f4xx_it.o(i.MemManage_Handler)
    i.NMI_Handler                            0x08001ed0   Section        0  stm32f4xx_it.o(i.NMI_Handler)
    i.NVIC_Init                              0x08001ed4   Section        0  misc.o(i.NVIC_Init)
    i.NVIC_PriorityGroupConfig               0x08001f4c   Section        0  misc.o(i.NVIC_PriorityGroupConfig)
    i.PendSV_Handler                         0x08001f60   Section        0  stm32f4xx_it.o(i.PendSV_Handler)
    i.RCC_AHB1PeriphClockCmd                 0x08001f64   Section        0  stm32f4xx_rcc.o(i.RCC_AHB1PeriphClockCmd)
    i.RCC_APB1PeriphClockCmd                 0x08001f84   Section        0  stm32f4xx_rcc.o(i.RCC_APB1PeriphClockCmd)
    i.RCC_APB1PeriphResetCmd                 0x08001fa4   Section        0  stm32f4xx_rcc.o(i.RCC_APB1PeriphResetCmd)
    i.RCC_APB2PeriphClockCmd                 0x08001fc4   Section        0  stm32f4xx_rcc.o(i.RCC_APB2PeriphClockCmd)
    i.RCC_APB2PeriphResetCmd                 0x08001fe4   Section        0  stm32f4xx_rcc.o(i.RCC_APB2PeriphResetCmd)
    i.RCC_GetClocksFreq                      0x08002004   Section        0  stm32f4xx_rcc.o(i.RCC_GetClocksFreq)
    i.Remote_Init                            0x080020ec   Section        0  remote.o(i.Remote_Init)
    i.Remote_Scan                            0x080021d0   Section        0  remote.o(i.Remote_Scan)
    i.SVC_Handler                            0x08002238   Section        0  stm32f4xx_it.o(i.SVC_Handler)
    i.SetSysClock                            0x0800223c   Section        0  system_stm32f4xx.o(i.SetSysClock)
    SetSysClock                              0x0800223d   Thumb Code   220  system_stm32f4xx.o(i.SetSysClock)
    i.SysTick_CLKSourceConfig                0x08002328   Section        0  misc.o(i.SysTick_CLKSourceConfig)
    i.SysTick_Handler                        0x08002350   Section        0  stm32f4xx_it.o(i.SysTick_Handler)
    i.SystemInit                             0x08002354   Section        0  system_stm32f4xx.o(i.SystemInit)
    i.TI1_Config                             0x080023bc   Section        0  stm32f4xx_tim.o(i.TI1_Config)
    TI1_Config                               0x080023bd   Thumb Code    58  stm32f4xx_tim.o(i.TI1_Config)
    i.TI2_Config                             0x080023f6   Section        0  stm32f4xx_tim.o(i.TI2_Config)
    TI2_Config                               0x080023f7   Thumb Code    80  stm32f4xx_tim.o(i.TI2_Config)
    i.TI3_Config                             0x08002446   Section        0  stm32f4xx_tim.o(i.TI3_Config)
    TI3_Config                               0x08002447   Thumb Code    72  stm32f4xx_tim.o(i.TI3_Config)
    i.TI4_Config                             0x0800248e   Section        0  stm32f4xx_tim.o(i.TI4_Config)
    TI4_Config                               0x0800248f   Thumb Code    80  stm32f4xx_tim.o(i.TI4_Config)
    i.TIM1_CC_IRQHandler                     0x080024e0   Section        0  remote.o(i.TIM1_CC_IRQHandler)
    i.TIM1_UP_TIM10_IRQHandler               0x08002618   Section        0  remote.o(i.TIM1_UP_TIM10_IRQHandler)
    i.TIM5_IRQHandler                        0x08002690   Section        0  timer.o(i.TIM5_IRQHandler)
    i.TIM7_IRQHandler                        0x08002760   Section        0  timer.o(i.TIM7_IRQHandler)
    i.TIM7_Int_Init                          0x08002794   Section        0  timer.o(i.TIM7_Int_Init)
    i.TIM_ClearITPendingBit                  0x080027f0   Section        0  stm32f4xx_tim.o(i.TIM_ClearITPendingBit)
    i.TIM_Cmd                                0x080027f6   Section        0  stm32f4xx_tim.o(i.TIM_Cmd)
    i.TIM_GetCapture1                        0x0800280e   Section        0  stm32f4xx_tim.o(i.TIM_GetCapture1)
    i.TIM_GetITStatus                        0x08002814   Section        0  stm32f4xx_tim.o(i.TIM_GetITStatus)
    i.TIM_ICInit                             0x08002836   Section        0  stm32f4xx_tim.o(i.TIM_ICInit)
    i.TIM_ITConfig                           0x080028a4   Section        0  stm32f4xx_tim.o(i.TIM_ITConfig)
    i.TIM_OC1PolarityConfig                  0x080028b6   Section        0  stm32f4xx_tim.o(i.TIM_OC1PolarityConfig)
    i.TIM_SetCounter                         0x080028c8   Section        0  stm32f4xx_tim.o(i.TIM_SetCounter)
    i.TIM_SetIC1Prescaler                    0x080028cc   Section        0  stm32f4xx_tim.o(i.TIM_SetIC1Prescaler)
    i.TIM_SetIC2Prescaler                    0x080028de   Section        0  stm32f4xx_tim.o(i.TIM_SetIC2Prescaler)
    i.TIM_SetIC3Prescaler                    0x080028f8   Section        0  stm32f4xx_tim.o(i.TIM_SetIC3Prescaler)
    i.TIM_SetIC4Prescaler                    0x0800290a   Section        0  stm32f4xx_tim.o(i.TIM_SetIC4Prescaler)
    i.TIM_TimeBaseInit                       0x08002924   Section        0  stm32f4xx_tim.o(i.TIM_TimeBaseInit)
    i.USART1_IRQHandler                      0x080029a8   Section        0  usart.o(i.USART1_IRQHandler)
    i.USART3_IRQHandler                      0x08002a30   Section        0  usart3.o(i.USART3_IRQHandler)
    i.USART_Cmd                              0x08002aa0   Section        0  stm32f4xx_usart.o(i.USART_Cmd)
    i.USART_DeInit                           0x08002ab8   Section        0  stm32f4xx_usart.o(i.USART_DeInit)
    i.USART_GetFlagStatus                    0x08002ba8   Section        0  stm32f4xx_usart.o(i.USART_GetFlagStatus)
    i.USART_GetITStatus                      0x08002bc2   Section        0  stm32f4xx_usart.o(i.USART_GetITStatus)
    i.USART_ITConfig                         0x08002c16   Section        0  stm32f4xx_usart.o(i.USART_ITConfig)
    i.USART_Init                             0x08002c60   Section        0  stm32f4xx_usart.o(i.USART_Init)
    i.USART_ReceiveData                      0x08002d34   Section        0  stm32f4xx_usart.o(i.USART_ReceiveData)
    i.USART_SendData                         0x08002d3e   Section        0  stm32f4xx_usart.o(i.USART_SendData)
    i.UsageFault_Handler                     0x08002d46   Section        0  stm32f4xx_it.o(i.UsageFault_Handler)
    i.__ARM_fpclassify                       0x08002d4a   Section        0  fpclassify.o(i.__ARM_fpclassify)
    i._is_digit                              0x08002d7a   Section        0  __printf_wp.o(i._is_digit)
    i._sys_exit                              0x08002d88   Section        0  usart.o(i._sys_exit)
    i.delay_init                             0x08002d8c   Section        0  delay.o(i.delay_init)
    i.delay_ms                               0x08002dc8   Section        0  delay.o(i.delay_ms)
    i.delay_xms                              0x08002e00   Section        0  delay.o(i.delay_xms)
    i.fputc                                  0x08002e4c   Section        0  usart.o(i.fputc)
    i.main                                   0x08002e68   Section        0  main.o(i.main)
    i.u3_printf                              0x080034c0   Section        0  usart3.o(i.u3_printf)
    i.uart_init                              0x08003510   Section        0  usart.o(i.uart_init)
    i.usart3_init                            0x080035bc   Section        0  usart3.o(i.usart3_init)
    locale$$code                             0x08003690   Section       44  lc_numeric_c.o(locale$$code)
    locale$$code                             0x080036bc   Section       44  lc_ctype_c.o(locale$$code)
    x$fpl$fpinit                             0x080036e8   Section       10  fpinit.o(x$fpl$fpinit)
    $v0                                      0x080036e8   Number         0  fpinit.o(x$fpl$fpinit)
    x$fpl$printf1                            0x080036f2   Section        4  printf1.o(x$fpl$printf1)
    $v0                                      0x080036f2   Number         0  printf1.o(x$fpl$printf1)
    x$fpl$printf2                            0x080036f6   Section        4  printf2.o(x$fpl$printf2)
    $v0                                      0x080036f6   Number         0  printf2.o(x$fpl$printf2)
    .constdata                               0x080036fa   Section       17  __printf_flags_ss_wp.o(.constdata)
    x$fpl$usenofp                            0x080036fa   Section        0  usenofp.o(x$fpl$usenofp)
    maptable                                 0x080036fa   Data          17  __printf_flags_ss_wp.o(.constdata)
    .constdata                               0x0800370c   Section        8  _printf_wctomb.o(.constdata)
    initial_mbstate                          0x0800370c   Data           8  _printf_wctomb.o(.constdata)
    .constdata                               0x08003714   Section       40  _printf_hex_int_ll_ptr.o(.constdata)
    uc_hextab                                0x08003714   Data          20  _printf_hex_int_ll_ptr.o(.constdata)
    lc_hextab                                0x08003728   Data          20  _printf_hex_int_ll_ptr.o(.constdata)
    .constdata                               0x0800373c   Section       38  _printf_fp_hex.o(.constdata)
    lc_hextab                                0x0800373c   Data          19  _printf_fp_hex.o(.constdata)
    uc_hextab                                0x0800374f   Data          19  _printf_fp_hex.o(.constdata)
    .constdata                               0x08003764   Section      148  bigflt0.o(.constdata)
    tenpwrs_x                                0x08003764   Data          60  bigflt0.o(.constdata)
    tenpwrs_i                                0x080037a0   Data          64  bigflt0.o(.constdata)
    locale$$data                             0x08003818   Section       28  lc_numeric_c.o(locale$$data)
    __lcnum_c_name                           0x0800381c   Data           2  lc_numeric_c.o(locale$$data)
    __lcnum_c_start                          0x08003824   Data           0  lc_numeric_c.o(locale$$data)
    __lcnum_c_point                          0x08003830   Data           0  lc_numeric_c.o(locale$$data)
    __lcnum_c_thousands                      0x08003832   Data           0  lc_numeric_c.o(locale$$data)
    __lcnum_c_grouping                       0x08003833   Data           0  lc_numeric_c.o(locale$$data)
    locale$$data                             0x08003834   Section      272  lc_ctype_c.o(locale$$data)
    __lcnum_c_end                            0x08003834   Data           0  lc_numeric_c.o(locale$$data)
    __lcctype_c_name                         0x08003838   Data           2  lc_ctype_c.o(locale$$data)
    __lcctype_c_start                        0x08003840   Data           0  lc_ctype_c.o(locale$$data)
    __lcctype_c_end                          0x08003944   Data           0  lc_ctype_c.o(locale$$data)
    .data                                    0x20000000   Section        9  remote.o(.data)
    .data                                    0x2000000a   Section        2  usart3.o(.data)
    .data                                    0x2000000c   Section        8  timer.o(.data)
    .data                                    0x20000014   Section        4  delay.o(.data)
    fac_us                                   0x20000014   Data           1  delay.o(.data)
    fac_ms                                   0x20000016   Data           2  delay.o(.data)
    .data                                    0x20000018   Section        6  usart.o(.data)
    .data                                    0x2000001e   Section       16  stm32f4xx_rcc.o(.data)
    APBAHBPrescTable                         0x2000001e   Data          16  stm32f4xx_rcc.o(.data)
    .bss                                     0x20000030   Section      800  usart3.o(.bss)
    .bss                                     0x20000350   Section      200  usart.o(.bss)
    .bss                                     0x20000418   Section       96  libspace.o(.bss)
    HEAP                                     0x20000478   Section      512  startup_stm32f40_41xxx.o(HEAP)
    Heap_Mem                                 0x20000478   Data         512  startup_stm32f40_41xxx.o(HEAP)
    STACK                                    0x20000678   Section     1024  startup_stm32f40_41xxx.o(STACK)
    Stack_Mem                                0x20000678   Data        1024  startup_stm32f40_41xxx.o(STACK)
    __initial_sp                             0x20000a78   Data           0  startup_stm32f40_41xxx.o(STACK)

    Global Symbols

    Symbol Name                              Value     Ov Type        Size  Object(Section)

    BuildAttributes$$THM_ISAv4$E$P$D$K$B$S$7EM$VFPi3$EXTD16$VFPS$VFMA$PE$A:L22UL41UL21$X:L11$S22US41US21$IEEE1$IW$USESV6$~STKCKD$USESV7$~SHL$OTIME$ROPI$IEEEJ$EBA8$UX$STANDARDLIB$REQ8$PRES8$EABIv2 0x00000000   Number         0  anon$$obj.o ABSOLUTE
    __ARM_use_no_argv                        0x00000000   Number         0  main.o ABSOLUTE
    _printf_flags                            0x00000000   Number         0  printf_stubs.o ABSOLUTE
    _printf_return_value                     0x00000000   Number         0  printf_stubs.o ABSOLUTE
    _printf_sizespec                         0x00000000   Number         0  printf_stubs.o ABSOLUTE
    _printf_widthprec                        0x00000000   Number         0  printf_stubs.o ABSOLUTE
    __ARM_exceptions_init                     - Undefined Weak Reference
    __alloca_initialize                       - Undefined Weak Reference
    __arm_preinit_                            - Undefined Weak Reference
    __cpp_initialize__aeabi_                  - Undefined Weak Reference
    __cxa_finalize                            - Undefined Weak Reference
    __sigvec_lookup                           - Undefined Weak Reference
    _atexit_init                              - Undefined Weak Reference
    _call_atexit_fns                          - Undefined Weak Reference
    _clock_init                               - Undefined Weak Reference
    _fp_trap_init                             - Undefined Weak Reference
    _fp_trap_shutdown                         - Undefined Weak Reference
    _get_lc_collate                           - Undefined Weak Reference
    _get_lc_monetary                          - Undefined Weak Reference
    _get_lc_time                              - Undefined Weak Reference
    _getenv_init                              - Undefined Weak Reference
    _handle_redirection                       - Undefined Weak Reference
    _init_alloc                               - Undefined Weak Reference
    _init_user_alloc                          - Undefined Weak Reference
    _initio                                   - Undefined Weak Reference
    _mutex_acquire                            - Undefined Weak Reference
    _mutex_release                            - Undefined Weak Reference
    _printf_mbtowc                            - Undefined Weak Reference
    _printf_wc                                - Undefined Weak Reference
    _rand_init                                - Undefined Weak Reference
    _signal_finish                            - Undefined Weak Reference
    _signal_init                              - Undefined Weak Reference
    _terminate_alloc                          - Undefined Weak Reference
    _terminate_user_alloc                     - Undefined Weak Reference
    _terminateio                              - Undefined Weak Reference
    __Vectors_Size                           0x00000188   Number         0  startup_stm32f40_41xxx.o ABSOLUTE
    __Vectors                                0x08000000   Data           4  startup_stm32f40_41xxx.o(RESET)
    __Vectors_End                            0x08000188   Data           0  startup_stm32f40_41xxx.o(RESET)
    __main                                   0x08000189   Thumb Code     8  __main.o(!!!main)
    __scatterload                            0x08000191   Thumb Code     0  __scatter.o(!!!scatter)
    __scatterload_rt2                        0x08000191   Thumb Code    44  __scatter.o(!!!scatter)
    __scatterload_rt2_thumb_only             0x08000191   Thumb Code     0  __scatter.o(!!!scatter)
    __scatterload_null                       0x0800019f   Thumb Code     0  __scatter.o(!!!scatter)
    __scatterload_copy                       0x080001c5   Thumb Code    26  __scatter_copy.o(!!handler_copy)
    __scatterload_zeroinit                   0x080001e1   Thumb Code    28  __scatter_zi.o(!!handler_zi)
    _printf_n                                0x080001fd   Thumb Code     0  _printf_n.o(.ARM.Collect$$_printf_percent$$00000001)
    _printf_percent                          0x080001fd   Thumb Code     0  _printf_percent.o(.ARM.Collect$$_printf_percent$$00000000)
    _printf_p                                0x08000203   Thumb Code     0  _printf_p.o(.ARM.Collect$$_printf_percent$$00000002)
    _printf_f                                0x08000209   Thumb Code     0  _printf_f.o(.ARM.Collect$$_printf_percent$$00000003)
    _printf_e                                0x0800020f   Thumb Code     0  _printf_e.o(.ARM.Collect$$_printf_percent$$00000004)
    _printf_g                                0x08000215   Thumb Code     0  _printf_g.o(.ARM.Collect$$_printf_percent$$00000005)
    _printf_a                                0x0800021b   Thumb Code     0  _printf_a.o(.ARM.Collect$$_printf_percent$$00000006)
    _printf_ll                               0x08000221   Thumb Code     0  _printf_ll.o(.ARM.Collect$$_printf_percent$$00000007)
    _printf_i                                0x0800022b   Thumb Code     0  _printf_i.o(.ARM.Collect$$_printf_percent$$00000008)
    _printf_d                                0x08000231   Thumb Code     0  _printf_d.o(.ARM.Collect$$_printf_percent$$00000009)
    _printf_u                                0x08000237   Thumb Code     0  _printf_u.o(.ARM.Collect$$_printf_percent$$0000000A)
    _printf_o                                0x0800023d   Thumb Code     0  _printf_o.o(.ARM.Collect$$_printf_percent$$0000000B)
    _printf_x                                0x08000243   Thumb Code     0  _printf_x.o(.ARM.Collect$$_printf_percent$$0000000C)
    _printf_lli                              0x08000249   Thumb Code     0  _printf_lli.o(.ARM.Collect$$_printf_percent$$0000000D)
    _printf_lld                              0x0800024f   Thumb Code     0  _printf_lld.o(.ARM.Collect$$_printf_percent$$0000000E)
    _printf_llu                              0x08000255   Thumb Code     0  _printf_llu.o(.ARM.Collect$$_printf_percent$$0000000F)
    _printf_llo                              0x0800025b   Thumb Code     0  _printf_llo.o(.ARM.Collect$$_printf_percent$$00000010)
    _printf_llx                              0x08000261   Thumb Code     0  _printf_llx.o(.ARM.Collect$$_printf_percent$$00000011)
    _printf_l                                0x08000267   Thumb Code     0  _printf_l.o(.ARM.Collect$$_printf_percent$$00000012)
    _printf_c                                0x08000271   Thumb Code     0  _printf_c.o(.ARM.Collect$$_printf_percent$$00000013)
    _printf_s                                0x08000277   Thumb Code     0  _printf_s.o(.ARM.Collect$$_printf_percent$$00000014)
    _printf_lc                               0x0800027d   Thumb Code     0  _printf_lc.o(.ARM.Collect$$_printf_percent$$00000015)
    _printf_ls                               0x08000283   Thumb Code     0  _printf_ls.o(.ARM.Collect$$_printf_percent$$00000016)
    _printf_percent_end                      0x08000289   Thumb Code     0  _printf_percent_end.o(.ARM.Collect$$_printf_percent$$00000017)
    __rt_lib_init                            0x0800028d   Thumb Code     0  libinit.o(.ARM.Collect$$libinit$$00000000)
    __rt_lib_init_fp_1                       0x0800028f   Thumb Code     0  libinit2.o(.ARM.Collect$$libinit$$00000001)
    __rt_lib_init_heap_1                     0x08000293   Thumb Code     0  libinit2.o(.ARM.Collect$$libinit$$0000000A)
    __rt_lib_init_lc_common                  0x08000293   Thumb Code     0  libinit2.o(.ARM.Collect$$libinit$$0000000F)
    __rt_lib_init_preinit_1                  0x08000293   Thumb Code     0  libinit2.o(.ARM.Collect$$libinit$$00000004)
    __rt_lib_init_rand_1                     0x08000293   Thumb Code     0  libinit2.o(.ARM.Collect$$libinit$$0000000E)
    __rt_lib_init_user_alloc_1               0x08000293   Thumb Code     0  libinit2.o(.ARM.Collect$$libinit$$0000000C)
    __rt_lib_init_lc_collate_1               0x08000299   Thumb Code     0  libinit2.o(.ARM.Collect$$libinit$$00000011)
    __rt_lib_init_lc_ctype_2                 0x08000299   Thumb Code     0  libinit2.o(.ARM.Collect$$libinit$$00000012)
    __rt_lib_init_lc_ctype_1                 0x080002a5   Thumb Code     0  libinit2.o(.ARM.Collect$$libinit$$00000013)
    __rt_lib_init_lc_monetary_1              0x080002a5   Thumb Code     0  libinit2.o(.ARM.Collect$$libinit$$00000015)
    __rt_lib_init_lc_numeric_2               0x080002a5   Thumb Code     0  libinit2.o(.ARM.Collect$$libinit$$00000016)
    __rt_lib_init_alloca_1                   0x080002af   Thumb Code     0  libinit2.o(.ARM.Collect$$libinit$$0000002E)
    __rt_lib_init_argv_1                     0x080002af   Thumb Code     0  libinit2.o(.ARM.Collect$$libinit$$0000002C)
    __rt_lib_init_atexit_1                   0x080002af   Thumb Code     0  libinit2.o(.ARM.Collect$$libinit$$0000001B)
    __rt_lib_init_clock_1                    0x080002af   Thumb Code     0  libinit2.o(.ARM.Collect$$libinit$$00000021)
    __rt_lib_init_cpp_1                      0x080002af   Thumb Code     0  libinit2.o(.ARM.Collect$$libinit$$00000032)
    __rt_lib_init_exceptions_1               0x080002af   Thumb Code     0  libinit2.o(.ARM.Collect$$libinit$$00000030)
    __rt_lib_init_fp_trap_1                  0x080002af   Thumb Code     0  libinit2.o(.ARM.Collect$$libinit$$0000001F)
    __rt_lib_init_getenv_1                   0x080002af   Thumb Code     0  libinit2.o(.ARM.Collect$$libinit$$00000023)
    __rt_lib_init_lc_numeric_1               0x080002af   Thumb Code     0  libinit2.o(.ARM.Collect$$libinit$$00000017)
    __rt_lib_init_lc_time_1                  0x080002af   Thumb Code     0  libinit2.o(.ARM.Collect$$libinit$$00000019)
    __rt_lib_init_return                     0x080002af   Thumb Code     0  libinit2.o(.ARM.Collect$$libinit$$00000033)
    __rt_lib_init_signal_1                   0x080002af   Thumb Code     0  libinit2.o(.ARM.Collect$$libinit$$0000001D)
    __rt_lib_init_stdio_1                    0x080002af   Thumb Code     0  libinit2.o(.ARM.Collect$$libinit$$00000025)
    __rt_lib_shutdown                        0x080002b1   Thumb Code     0  libshutdown.o(.ARM.Collect$$libshutdown$$00000000)
    __rt_lib_shutdown_fp_trap_1              0x080002b3   Thumb Code     0  libshutdown2.o(.ARM.Collect$$libshutdown$$00000006)
    __rt_lib_shutdown_heap_1                 0x080002b3   Thumb Code     0  libshutdown2.o(.ARM.Collect$$libshutdown$$0000000E)
    __rt_lib_shutdown_return                 0x080002b3   Thumb Code     0  libshutdown2.o(.ARM.Collect$$libshutdown$$0000000F)
    __rt_lib_shutdown_signal_1               0x080002b3   Thumb Code     0  libshutdown2.o(.ARM.Collect$$libshutdown$$00000009)
    __rt_lib_shutdown_stdio_1                0x080002b3   Thumb Code     0  libshutdown2.o(.ARM.Collect$$libshutdown$$00000003)
    __rt_lib_shutdown_user_alloc_1           0x080002b3   Thumb Code     0  libshutdown2.o(.ARM.Collect$$libshutdown$$0000000B)
    __rt_entry                               0x080002b5   Thumb Code     0  __rtentry.o(.ARM.Collect$$rtentry$$00000000)
    __rt_entry_presh_1                       0x080002b5   Thumb Code     0  __rtentry2.o(.ARM.Collect$$rtentry$$00000002)
    __rt_entry_sh                            0x080002b5   Thumb Code     0  __rtentry4.o(.ARM.Collect$$rtentry$$00000004)
    __rt_entry_li                            0x080002bb   Thumb Code     0  __rtentry2.o(.ARM.Collect$$rtentry$$0000000A)
    __rt_entry_postsh_1                      0x080002bb   Thumb Code     0  __rtentry2.o(.ARM.Collect$$rtentry$$00000009)
    __rt_entry_main                          0x080002bf   Thumb Code     0  __rtentry2.o(.ARM.Collect$$rtentry$$0000000D)
    __rt_entry_postli_1                      0x080002bf   Thumb Code     0  __rtentry2.o(.ARM.Collect$$rtentry$$0000000C)
    __rt_exit                                0x080002c7   Thumb Code     0  rtexit.o(.ARM.Collect$$rtexit$$00000000)
    __rt_exit_ls                             0x080002c9   Thumb Code     0  rtexit2.o(.ARM.Collect$$rtexit$$00000003)
    __rt_exit_prels_1                        0x080002c9   Thumb Code     0  rtexit2.o(.ARM.Collect$$rtexit$$00000002)
    __rt_exit_exit                           0x080002cd   Thumb Code     0  rtexit2.o(.ARM.Collect$$rtexit$$00000004)
    Reset_Handler                            0x080002d5   Thumb Code     8  startup_stm32f40_41xxx.o(.text)
    ADC_IRQHandler                           0x080002ef   Thumb Code     0  startup_stm32f40_41xxx.o(.text)
    CAN1_RX0_IRQHandler                      0x080002ef   Thumb Code     0  startup_stm32f40_41xxx.o(.text)
    CAN1_RX1_IRQHandler                      0x080002ef   Thumb Code     0  startup_stm32f40_41xxx.o(.text)
    CAN1_SCE_IRQHandler                      0x080002ef   Thumb Code     0  startup_stm32f40_41xxx.o(.text)
    CAN1_TX_IRQHandler                       0x080002ef   Thumb Code     0  startup_stm32f40_41xxx.o(.text)
    CAN2_RX0_IRQHandler                      0x080002ef   Thumb Code     0  startup_stm32f40_41xxx.o(.text)
    CAN2_RX1_IRQHandler                      0x080002ef   Thumb Code     0  startup_stm32f40_41xxx.o(.text)
    CAN2_SCE_IRQHandler                      0x080002ef   Thumb Code     0  startup_stm32f40_41xxx.o(.text)
    CAN2_TX_IRQHandler                       0x080002ef   Thumb Code     0  startup_stm32f40_41xxx.o(.text)
    CRYP_IRQHandler                          0x080002ef   Thumb Code     0  startup_stm32f40_41xxx.o(.text)
    DCMI_IRQHandler                          0x080002ef   Thumb Code     0  startup_stm32f40_41xxx.o(.text)
    DMA1_Stream0_IRQHandler                  0x080002ef   Thumb Code     0  startup_stm32f40_41xxx.o(.text)
    DMA1_Stream1_IRQHandler                  0x080002ef   Thumb Code     0  startup_stm32f40_41xxx.o(.text)
    DMA1_Stream2_IRQHandler                  0x080002ef   Thumb Code     0  startup_stm32f40_41xxx.o(.text)
    DMA1_Stream3_IRQHandler                  0x080002ef   Thumb Code     0  startup_stm32f40_41xxx.o(.text)
    DMA1_Stream4_IRQHandler                  0x080002ef   Thumb Code     0  startup_stm32f40_41xxx.o(.text)
    DMA1_Stream5_IRQHandler                  0x080002ef   Thumb Code     0  startup_stm32f40_41xxx.o(.text)
    DMA1_Stream6_IRQHandler                  0x080002ef   Thumb Code     0  startup_stm32f40_41xxx.o(.text)
    DMA1_Stream7_IRQHandler                  0x080002ef   Thumb Code     0  startup_stm32f40_41xxx.o(.text)
    DMA2_Stream0_IRQHandler                  0x080002ef   Thumb Code     0  startup_stm32f40_41xxx.o(.text)
    DMA2_Stream1_IRQHandler                  0x080002ef   Thumb Code     0  startup_stm32f40_41xxx.o(.text)
    DMA2_Stream2_IRQHandler                  0x080002ef   Thumb Code     0  startup_stm32f40_41xxx.o(.text)
    DMA2_Stream3_IRQHandler                  0x080002ef   Thumb Code     0  startup_stm32f40_41xxx.o(.text)
    DMA2_Stream4_IRQHandler                  0x080002ef   Thumb Code     0  startup_stm32f40_41xxx.o(.text)
    DMA2_Stream5_IRQHandler                  0x080002ef   Thumb Code     0  startup_stm32f40_41xxx.o(.text)
    DMA2_Stream6_IRQHandler                  0x080002ef   Thumb Code     0  startup_stm32f40_41xxx.o(.text)
    DMA2_Stream7_IRQHandler                  0x080002ef   Thumb Code     0  startup_stm32f40_41xxx.o(.text)
    ETH_IRQHandler                           0x080002ef   Thumb Code     0  startup_stm32f40_41xxx.o(.text)
    ETH_WKUP_IRQHandler                      0x080002ef   Thumb Code     0  startup_stm32f40_41xxx.o(.text)
    EXTI0_IRQHandler                         0x080002ef   Thumb Code     0  startup_stm32f40_41xxx.o(.text)
    EXTI15_10_IRQHandler                     0x080002ef   Thumb Code     0  startup_stm32f40_41xxx.o(.text)
    EXTI1_IRQHandler                         0x080002ef   Thumb Code     0  startup_stm32f40_41xxx.o(.text)
    EXTI2_IRQHandler                         0x080002ef   Thumb Code     0  startup_stm32f40_41xxx.o(.text)
    EXTI3_IRQHandler                         0x080002ef   Thumb Code     0  startup_stm32f40_41xxx.o(.text)
    EXTI4_IRQHandler                         0x080002ef   Thumb Code     0  startup_stm32f40_41xxx.o(.text)
    EXTI9_5_IRQHandler                       0x080002ef   Thumb Code     0  startup_stm32f40_41xxx.o(.text)
    FLASH_IRQHandler                         0x080002ef   Thumb Code     0  startup_stm32f40_41xxx.o(.text)
    FPU_IRQHandler                           0x080002ef   Thumb Code     0  startup_stm32f40_41xxx.o(.text)
    FSMC_IRQHandler                          0x080002ef   Thumb Code     0  startup_stm32f40_41xxx.o(.text)
    HASH_RNG_IRQHandler                      0x080002ef   Thumb Code     0  startup_stm32f40_41xxx.o(.text)
    I2C1_ER_IRQHandler                       0x080002ef   Thumb Code     0  startup_stm32f40_41xxx.o(.text)
    I2C1_EV_IRQHandler                       0x080002ef   Thumb Code     0  startup_stm32f40_41xxx.o(.text)
    I2C2_ER_IRQHandler                       0x080002ef   Thumb Code     0  startup_stm32f40_41xxx.o(.text)
    I2C2_EV_IRQHandler                       0x080002ef   Thumb Code     0  startup_stm32f40_41xxx.o(.text)
    I2C3_ER_IRQHandler                       0x080002ef   Thumb Code     0  startup_stm32f40_41xxx.o(.text)
    I2C3_EV_IRQHandler                       0x080002ef   Thumb Code     0  startup_stm32f40_41xxx.o(.text)
    OTG_FS_IRQHandler                        0x080002ef   Thumb Code     0  startup_stm32f40_41xxx.o(.text)
    OTG_FS_WKUP_IRQHandler                   0x080002ef   Thumb Code     0  startup_stm32f40_41xxx.o(.text)
    OTG_HS_EP1_IN_IRQHandler                 0x080002ef   Thumb Code     0  startup_stm32f40_41xxx.o(.text)
    OTG_HS_EP1_OUT_IRQHandler                0x080002ef   Thumb Code     0  startup_stm32f40_41xxx.o(.text)
    OTG_HS_IRQHandler                        0x080002ef   Thumb Code     0  startup_stm32f40_41xxx.o(.text)
    OTG_HS_WKUP_IRQHandler                   0x080002ef   Thumb Code     0  startup_stm32f40_41xxx.o(.text)
    PVD_IRQHandler                           0x080002ef   Thumb Code     0  startup_stm32f40_41xxx.o(.text)
    RCC_IRQHandler                           0x080002ef   Thumb Code     0  startup_stm32f40_41xxx.o(.text)
    RTC_Alarm_IRQHandler                     0x080002ef   Thumb Code     0  startup_stm32f40_41xxx.o(.text)
    RTC_WKUP_IRQHandler                      0x080002ef   Thumb Code     0  startup_stm32f40_41xxx.o(.text)
    SDIO_IRQHandler                          0x080002ef   Thumb Code     0  startup_stm32f40_41xxx.o(.text)
    SPI1_IRQHandler                          0x080002ef   Thumb Code     0  startup_stm32f40_41xxx.o(.text)
    SPI2_IRQHandler                          0x080002ef   Thumb Code     0  startup_stm32f40_41xxx.o(.text)
    SPI3_IRQHandler                          0x080002ef   Thumb Code     0  startup_stm32f40_41xxx.o(.text)
    TAMP_STAMP_IRQHandler                    0x080002ef   Thumb Code     0  startup_stm32f40_41xxx.o(.text)
    TIM1_BRK_TIM9_IRQHandler                 0x080002ef   Thumb Code     0  startup_stm32f40_41xxx.o(.text)
    TIM1_TRG_COM_TIM11_IRQHandler            0x080002ef   Thumb Code     0  startup_stm32f40_41xxx.o(.text)
    TIM2_IRQHandler                          0x080002ef   Thumb Code     0  startup_stm32f40_41xxx.o(.text)
    TIM3_IRQHandler                          0x080002ef   Thumb Code     0  startup_stm32f40_41xxx.o(.text)
    TIM4_IRQHandler                          0x080002ef   Thumb Code     0  startup_stm32f40_41xxx.o(.text)
    TIM6_DAC_IRQHandler                      0x080002ef   Thumb Code     0  startup_stm32f40_41xxx.o(.text)
    TIM8_BRK_TIM12_IRQHandler                0x080002ef   Thumb Code     0  startup_stm32f40_41xxx.o(.text)
    TIM8_CC_IRQHandler                       0x080002ef   Thumb Code     0  startup_stm32f40_41xxx.o(.text)
    TIM8_TRG_COM_TIM14_IRQHandler            0x080002ef   Thumb Code     0  startup_stm32f40_41xxx.o(.text)
    TIM8_UP_TIM13_IRQHandler                 0x080002ef   Thumb Code     0  startup_stm32f40_41xxx.o(.text)
    UART4_IRQHandler                         0x080002ef   Thumb Code     0  startup_stm32f40_41xxx.o(.text)
    UART5_IRQHandler                         0x080002ef   Thumb Code     0  startup_stm32f40_41xxx.o(.text)
    USART2_IRQHandler                        0x080002ef   Thumb Code     0  startup_stm32f40_41xxx.o(.text)
    USART6_IRQHandler                        0x080002ef   Thumb Code     0  startup_stm32f40_41xxx.o(.text)
    WWDG_IRQHandler                          0x080002ef   Thumb Code     0  startup_stm32f40_41xxx.o(.text)
    __user_initial_stackheap                 0x080002f1   Thumb Code     0  startup_stm32f40_41xxx.o(.text)
    __use_no_semihosting                     0x08000315   Thumb Code     2  use_no_semi_2.o(.text)
    vsprintf                                 0x08000319   Thumb Code    32  vsprintf.o(.text)
    __2printf                                0x0800033d   Thumb Code    20  __2printf.o(.text)
    _printf_str                              0x08000355   Thumb Code    82  _printf_str.o(.text)
    __printf                                 0x080003a9   Thumb Code   388  __printf_flags_ss_wp.o(.text)
    strlen                                   0x08000531   Thumb Code    62  strlen.o(.text)
    __use_two_region_memory                  0x0800056f   Thumb Code     2  heapauxi.o(.text)
    __rt_heap_escrow$2region                 0x08000571   Thumb Code     2  heapauxi.o(.text)
    __rt_heap_expand$2region                 0x08000573   Thumb Code     2  heapauxi.o(.text)
    __I$use$semihosting                      0x08000575   Thumb Code     0  use_no_semi.o(.text)
    __use_no_semihosting_swi                 0x08000575   Thumb Code     2  use_no_semi.o(.text)
    _printf_pre_padding                      0x08000577   Thumb Code    44  _printf_pad.o(.text)
    _printf_post_padding                     0x080005a3   Thumb Code    34  _printf_pad.o(.text)
    _printf_truncate_signed                  0x080005c5   Thumb Code    18  _printf_truncate.o(.text)
    _printf_truncate_unsigned                0x080005d7   Thumb Code    18  _printf_truncate.o(.text)
    _printf_int_dec                          0x080005e9   Thumb Code   104  _printf_dec.o(.text)
    _printf_charcount                        0x08000661   Thumb Code    40  _printf_charcount.o(.text)
    _printf_char_common                      0x08000693   Thumb Code    32  _printf_char_common.o(.text)
    _sputc                                   0x080006b9   Thumb Code    10  _sputc.o(.text)
    _printf_cs_common                        0x080006c3   Thumb Code    20  _printf_char.o(.text)
    _printf_char                             0x080006d7   Thumb Code    16  _printf_char.o(.text)
    _printf_string                           0x080006e7   Thumb Code     8  _printf_char.o(.text)
    _printf_char_file                        0x080006f1   Thumb Code    32  _printf_char_file.o(.text)
    _printf_wctomb                           0x08000715   Thumb Code   182  _printf_wctomb.o(.text)
    _printf_longlong_dec                     0x080007d1   Thumb Code   108  _printf_longlong_dec.o(.text)
    _printf_longlong_oct                     0x0800084d   Thumb Code    68  _printf_oct_int_ll.o(.text)
    _printf_int_oct                          0x08000891   Thumb Code    24  _printf_oct_int_ll.o(.text)
    _printf_ll_oct                           0x080008a9   Thumb Code    12  _printf_oct_int_ll.o(.text)
    _printf_longlong_hex                     0x080008bd   Thumb Code    86  _printf_hex_int_ll_ptr.o(.text)
    _printf_int_hex                          0x08000913   Thumb Code    28  _printf_hex_int_ll_ptr.o(.text)
    _printf_ll_hex                           0x0800092f   Thumb Code    12  _printf_hex_int_ll_ptr.o(.text)
    _printf_hex_ptr                          0x0800093b   Thumb Code    18  _printf_hex_int_ll_ptr.o(.text)
    _ll_udiv10                               0x08000951   Thumb Code   138  lludiv10.o(.text)
    _printf_int_common                       0x080009db   Thumb Code   178  _printf_intcommon.o(.text)
    __lib_sel_fp_printf                      0x08000a8d   Thumb Code     2  _printf_fp_dec.o(.text)
    _printf_fp_dec_real                      0x08000c3b   Thumb Code   620  _printf_fp_dec.o(.text)
    _printf_fp_hex_real                      0x08000ea9   Thumb Code   754  _printf_fp_hex.o(.text)
    _printf_lcs_common                       0x080011a5   Thumb Code    20  _printf_wchar.o(.text)
    _printf_wchar                            0x080011b9   Thumb Code    16  _printf_wchar.o(.text)
    _printf_wstring                          0x080011c9   Thumb Code     8  _printf_wchar.o(.text)
    ferror                                   0x080011d1   Thumb Code     8  ferror.o(.text)
    _wcrtomb                                 0x080011d9   Thumb Code    64  _wcrtomb.o(.text)
    __user_setup_stackheap                   0x08001219   Thumb Code    74  sys_stackheap_outer.o(.text)
    __rt_ctype_table                         0x08001265   Thumb Code    16  rt_ctype_table.o(.text)
    __rt_locale                              0x08001275   Thumb Code     8  rt_locale_intlibspace.o(.text)
    _printf_fp_infnan                        0x0800127d   Thumb Code   112  _printf_fp_infnan.o(.text)
    _btod_etento                             0x080012fd   Thumb Code   216  bigflt0.o(.text)
    exit                                     0x080013d9   Thumb Code    12  exit.o(.text)
    __user_libspace                          0x080013e5   Thumb Code     8  libspace.o(.text)
    __user_perproc_libspace                  0x080013e5   Thumb Code     0  libspace.o(.text)
    __user_perthread_libspace                0x080013e5   Thumb Code     0  libspace.o(.text)
    strcmp                                   0x080013ed   Thumb Code   128  strcmpv7m.o(.text)
    _btod_d2e                                0x0800146d   Thumb Code    62  btod.o(CL$$btod_d2e)
    _d2e_denorm_low                          0x080014ab   Thumb Code    70  btod.o(CL$$btod_d2e_denorm_low)
    _d2e_norm_op1                            0x080014f1   Thumb Code    96  btod.o(CL$$btod_d2e_norm_op1)
    __btod_div_common                        0x08001551   Thumb Code   696  btod.o(CL$$btod_div_common)
    _e2e                                     0x08001889   Thumb Code   198  btod.o(CL$$btod_e2e)
    _btod_ediv                               0x0800194f   Thumb Code    40  btod.o(CL$$btod_ediv)
    _btod_emul                               0x08001977   Thumb Code    40  btod.o(CL$$btod_emul)
    __btod_mult_common                       0x0800199f   Thumb Code   580  btod.o(CL$$btod_mult_common)
    BCOMPONENT_Init                          0x08001be5   Thumb Code   248  bcomponent.o(i.BCOMPONENT_Init)
    BEEP_Init                                0x08001cf1   Thumb Code    60  beep.o(i.BEEP_Init)
    BusFault_Handler                         0x08001d31   Thumb Code     4  stm32f4xx_it.o(i.BusFault_Handler)
    DebugMon_Handler                         0x08001d35   Thumb Code     2  stm32f4xx_it.o(i.DebugMon_Handler)
    GPIO_Init                                0x08001d37   Thumb Code   144  stm32f4xx_gpio.o(i.GPIO_Init)
    GPIO_PinAFConfig                         0x08001dc7   Thumb Code    70  stm32f4xx_gpio.o(i.GPIO_PinAFConfig)
    GPIO_ResetBits                           0x08001e0d   Thumb Code     4  stm32f4xx_gpio.o(i.GPIO_ResetBits)
    GPIO_SetBits                             0x08001e11   Thumb Code     4  stm32f4xx_gpio.o(i.GPIO_SetBits)
    HC05_Init                                0x08001e15   Thumb Code   104  hc05.o(i.HC05_Init)
    HardFault_Handler                        0x08001e89   Thumb Code     4  stm32f4xx_it.o(i.HardFault_Handler)
    LED_Init                                 0x08001e8d   Thumb Code    60  led.o(i.LED_Init)
    MemManage_Handler                        0x08001ecd   Thumb Code     4  stm32f4xx_it.o(i.MemManage_Handler)
    NMI_Handler                              0x08001ed1   Thumb Code     2  stm32f4xx_it.o(i.NMI_Handler)
    NVIC_Init                                0x08001ed5   Thumb Code   106  misc.o(i.NVIC_Init)
    NVIC_PriorityGroupConfig                 0x08001f4d   Thumb Code    10  misc.o(i.NVIC_PriorityGroupConfig)
    PendSV_Handler                           0x08001f61   Thumb Code     2  stm32f4xx_it.o(i.PendSV_Handler)
    RCC_AHB1PeriphClockCmd                   0x08001f65   Thumb Code    26  stm32f4xx_rcc.o(i.RCC_AHB1PeriphClockCmd)
    RCC_APB1PeriphClockCmd                   0x08001f85   Thumb Code    26  stm32f4xx_rcc.o(i.RCC_APB1PeriphClockCmd)
    RCC_APB1PeriphResetCmd                   0x08001fa5   Thumb Code    26  stm32f4xx_rcc.o(i.RCC_APB1PeriphResetCmd)
    RCC_APB2PeriphClockCmd                   0x08001fc5   Thumb Code    26  stm32f4xx_rcc.o(i.RCC_APB2PeriphClockCmd)
    RCC_APB2PeriphResetCmd                   0x08001fe5   Thumb Code    26  stm32f4xx_rcc.o(i.RCC_APB2PeriphResetCmd)
    RCC_GetClocksFreq                        0x08002005   Thumb Code   214  stm32f4xx_rcc.o(i.RCC_GetClocksFreq)
    Remote_Init                              0x080020ed   Thumb Code   218  remote.o(i.Remote_Init)
    Remote_Scan                              0x080021d1   Thumb Code    92  remote.o(i.Remote_Scan)
    SVC_Handler                              0x08002239   Thumb Code     2  stm32f4xx_it.o(i.SVC_Handler)
    SysTick_CLKSourceConfig                  0x08002329   Thumb Code    40  misc.o(i.SysTick_CLKSourceConfig)
    SysTick_Handler                          0x08002351   Thumb Code     2  stm32f4xx_it.o(i.SysTick_Handler)
    SystemInit                               0x08002355   Thumb Code    88  system_stm32f4xx.o(i.SystemInit)
    TIM1_CC_IRQHandler                       0x080024e1   Thumb Code   286  remote.o(i.TIM1_CC_IRQHandler)
    TIM1_UP_TIM10_IRQHandler                 0x08002619   Thumb Code   112  remote.o(i.TIM1_UP_TIM10_IRQHandler)
    TIM5_IRQHandler                          0x08002691   Thumb Code   194  timer.o(i.TIM5_IRQHandler)
    TIM7_IRQHandler                          0x08002761   Thumb Code    42  timer.o(i.TIM7_IRQHandler)
    TIM7_Int_Init                            0x08002795   Thumb Code    86  timer.o(i.TIM7_Int_Init)
    TIM_ClearITPendingBit                    0x080027f1   Thumb Code     6  stm32f4xx_tim.o(i.TIM_ClearITPendingBit)
    TIM_Cmd                                  0x080027f7   Thumb Code    24  stm32f4xx_tim.o(i.TIM_Cmd)
    TIM_GetCapture1                          0x0800280f   Thumb Code     6  stm32f4xx_tim.o(i.TIM_GetCapture1)
    TIM_GetITStatus                          0x08002815   Thumb Code    34  stm32f4xx_tim.o(i.TIM_GetITStatus)
    TIM_ICInit                               0x08002837   Thumb Code   110  stm32f4xx_tim.o(i.TIM_ICInit)
    TIM_ITConfig                             0x080028a5   Thumb Code    18  stm32f4xx_tim.o(i.TIM_ITConfig)
    TIM_OC1PolarityConfig                    0x080028b7   Thumb Code    18  stm32f4xx_tim.o(i.TIM_OC1PolarityConfig)
    TIM_SetCounter                           0x080028c9   Thumb Code     4  stm32f4xx_tim.o(i.TIM_SetCounter)
    TIM_SetIC1Prescaler                      0x080028cd   Thumb Code    18  stm32f4xx_tim.o(i.TIM_SetIC1Prescaler)
    TIM_SetIC2Prescaler                      0x080028df   Thumb Code    26  stm32f4xx_tim.o(i.TIM_SetIC2Prescaler)
    TIM_SetIC3Prescaler                      0x080028f9   Thumb Code    18  stm32f4xx_tim.o(i.TIM_SetIC3Prescaler)
    TIM_SetIC4Prescaler                      0x0800290b   Thumb Code    26  stm32f4xx_tim.o(i.TIM_SetIC4Prescaler)
    TIM_TimeBaseInit                         0x08002925   Thumb Code   104  stm32f4xx_tim.o(i.TIM_TimeBaseInit)
    USART1_IRQHandler                        0x080029a9   Thumb Code   122  usart.o(i.USART1_IRQHandler)
    USART3_IRQHandler                        0x08002a31   Thumb Code    96  usart3.o(i.USART3_IRQHandler)
    USART_Cmd                                0x08002aa1   Thumb Code    24  stm32f4xx_usart.o(i.USART_Cmd)
    USART_DeInit                             0x08002ab9   Thumb Code   206  stm32f4xx_usart.o(i.USART_DeInit)
    USART_GetFlagStatus                      0x08002ba9   Thumb Code    26  stm32f4xx_usart.o(i.USART_GetFlagStatus)
    USART_GetITStatus                        0x08002bc3   Thumb Code    84  stm32f4xx_usart.o(i.USART_GetITStatus)
    USART_ITConfig                           0x08002c17   Thumb Code    74  stm32f4xx_usart.o(i.USART_ITConfig)
    USART_Init                               0x08002c61   Thumb Code   204  stm32f4xx_usart.o(i.USART_Init)
    USART_ReceiveData                        0x08002d35   Thumb Code    10  stm32f4xx_usart.o(i.USART_ReceiveData)
    USART_SendData                           0x08002d3f   Thumb Code     8  stm32f4xx_usart.o(i.USART_SendData)
    UsageFault_Handler                       0x08002d47   Thumb Code     4  stm32f4xx_it.o(i.UsageFault_Handler)
    __ARM_fpclassify                         0x08002d4b   Thumb Code    48  fpclassify.o(i.__ARM_fpclassify)
    _is_digit                                0x08002d7b   Thumb Code    14  __printf_wp.o(i._is_digit)
    _sys_exit                                0x08002d89   Thumb Code     4  usart.o(i._sys_exit)
    delay_init                               0x08002d8d   Thumb Code    52  delay.o(i.delay_init)
    delay_ms                                 0x08002dc9   Thumb Code    56  delay.o(i.delay_ms)
    delay_xms                                0x08002e01   Thumb Code    72  delay.o(i.delay_xms)
    fputc                                    0x08002e4d   Thumb Code    22  usart.o(i.fputc)
    main                                     0x08002e69   Thumb Code  1600  main.o(i.main)
    u3_printf                                0x080034c1   Thumb Code    72  usart3.o(i.u3_printf)
    uart_init                                0x08003511   Thumb Code   164  usart.o(i.uart_init)
    usart3_init                              0x080035bd   Thumb Code   196  usart3.o(i.usart3_init)
    _get_lc_numeric                          0x08003691   Thumb Code    44  lc_numeric_c.o(locale$$code)
    _get_lc_ctype                            0x080036bd   Thumb Code    44  lc_ctype_c.o(locale$$code)
    _fp_init                                 0x080036e9   Thumb Code    10  fpinit.o(x$fpl$fpinit)
    __fplib_config_fpu_vfp                   0x080036f1   Thumb Code     0  fpinit.o(x$fpl$fpinit)
    __fplib_config_pureend_doubles           0x080036f1   Thumb Code     0  fpinit.o(x$fpl$fpinit)
    _printf_fp_dec                           0x080036f3   Thumb Code     4  printf1.o(x$fpl$printf1)
    _printf_fp_hex                           0x080036f7   Thumb Code     4  printf2.o(x$fpl$printf2)
    __I$use$fp                               0x080036fa   Number         0  usenofp.o(x$fpl$usenofp)
    Region$$Table$$Base                      0x080037f8   Number         0  anon$$obj.o(Region$$Table)
    Region$$Table$$Limit                     0x08003818   Number         0  anon$$obj.o(Region$$Table)
    __ctype                                  0x08003841   Data           0  lc_ctype_c.o(locale$$data)
    RmtSta                                   0x20000000   Data           1  remote.o(.data)
    Dval                                     0x20000002   Data           2  remote.o(.data)
    RmtRec                                   0x20000004   Data           4  remote.o(.data)
    RmtCnt                                   0x20000008   Data           1  remote.o(.data)
    USART3_RX_STA                            0x2000000a   Data           2  usart3.o(.data)
    TIM5CH1_CAPTURE_STA                      0x2000000c   Data           1  timer.o(.data)
    TIM5CH1_CAPTURE_VAL                      0x20000010   Data           4  timer.o(.data)
    __stdout                                 0x20000018   Data           4  usart.o(.data)
    USART_RX_STA                             0x2000001c   Data           2  usart.o(.data)
    USART3_TX_BUF                            0x20000030   Data         400  usart3.o(.bss)
    USART3_RX_BUF                            0x200001c0   Data         400  usart3.o(.bss)
    USART_RX_BUF                             0x20000350   Data         200  usart.o(.bss)
    __libspace_start                         0x20000418   Data          96  libspace.o(.bss)
    __temporary_stack_top$libspace           0x20000478   Data           0  libspace.o(.bss)



==============================================================================

Memory Map of the image

  Image Entry point : 0x08000189

  Load Region LR_IROM1 (Base: 0x08000000, Size: 0x00003974, Max: 0x00100000, ABSOLUTE)

    Execution Region ER_IROM1 (Base: 0x08000000, Size: 0x00003944, Max: 0x00100000, ABSOLUTE)

    Base Addr    Size         Type   Attr      Idx    E Section Name        Object

    0x08000000   0x00000188   Data   RO          655    RESET               startup_stm32f40_41xxx.o
    0x08000188   0x00000008   Code   RO         1982  * !!!main             c_w.l(__main.o)
    0x08000190   0x00000034   Code   RO         2280    !!!scatter          c_w.l(__scatter.o)
    0x080001c4   0x0000001a   Code   RO         2282    !!handler_copy      c_w.l(__scatter_copy.o)
    0x080001de   0x00000002   PAD
    0x080001e0   0x0000001c   Code   RO         2284    !!handler_zi        c_w.l(__scatter_zi.o)
    0x080001fc   0x00000000   Code   RO         1977    .ARM.Collect$$_printf_percent$$00000000  c_w.l(_printf_percent.o)
    0x080001fc   0x00000006   Code   RO         2036    .ARM.Collect$$_printf_percent$$00000001  c_w.l(_printf_n.o)
    0x08000202   0x00000006   Code   RO         2038    .ARM.Collect$$_printf_percent$$00000002  c_w.l(_printf_p.o)
    0x08000208   0x00000006   Code   RO         2043    .ARM.Collect$$_printf_percent$$00000003  c_w.l(_printf_f.o)
    0x0800020e   0x00000006   Code   RO         2044    .ARM.Collect$$_printf_percent$$00000004  c_w.l(_printf_e.o)
    0x08000214   0x00000006   Code   RO         2045    .ARM.Collect$$_printf_percent$$00000005  c_w.l(_printf_g.o)
    0x0800021a   0x00000006   Code   RO         2046    .ARM.Collect$$_printf_percent$$00000006  c_w.l(_printf_a.o)
    0x08000220   0x0000000a   Code   RO         2051    .ARM.Collect$$_printf_percent$$00000007  c_w.l(_printf_ll.o)
    0x0800022a   0x00000006   Code   RO         2040    .ARM.Collect$$_printf_percent$$00000008  c_w.l(_printf_i.o)
    0x08000230   0x00000006   Code   RO         2041    .ARM.Collect$$_printf_percent$$00000009  c_w.l(_printf_d.o)
    0x08000236   0x00000006   Code   RO         2042    .ARM.Collect$$_printf_percent$$0000000A  c_w.l(_printf_u.o)
    0x0800023c   0x00000006   Code   RO         2039    .ARM.Collect$$_printf_percent$$0000000B  c_w.l(_printf_o.o)
    0x08000242   0x00000006   Code   RO         2037    .ARM.Collect$$_printf_percent$$0000000C  c_w.l(_printf_x.o)
    0x08000248   0x00000006   Code   RO         2048    .ARM.Collect$$_printf_percent$$0000000D  c_w.l(_printf_lli.o)
    0x0800024e   0x00000006   Code   RO         2049    .ARM.Collect$$_printf_percent$$0000000E  c_w.l(_printf_lld.o)
    0x08000254   0x00000006   Code   RO         2050    .ARM.Collect$$_printf_percent$$0000000F  c_w.l(_printf_llu.o)
    0x0800025a   0x00000006   Code   RO         2055    .ARM.Collect$$_printf_percent$$00000010  c_w.l(_printf_llo.o)
    0x08000260   0x00000006   Code   RO         2056    .ARM.Collect$$_printf_percent$$00000011  c_w.l(_printf_llx.o)
    0x08000266   0x0000000a   Code   RO         2052    .ARM.Collect$$_printf_percent$$00000012  c_w.l(_printf_l.o)
    0x08000270   0x00000006   Code   RO         2035    .ARM.Collect$$_printf_percent$$00000013  c_w.l(_printf_c.o)
    0x08000276   0x00000006   Code   RO         1976    .ARM.Collect$$_printf_percent$$00000014  c_w.l(_printf_s.o)
    0x0800027c   0x00000006   Code   RO         2053    .ARM.Collect$$_printf_percent$$00000015  c_w.l(_printf_lc.o)
    0x08000282   0x00000006   Code   RO         2054    .ARM.Collect$$_printf_percent$$00000016  c_w.l(_printf_ls.o)
    0x08000288   0x00000004   Code   RO         2047    .ARM.Collect$$_printf_percent$$00000017  c_w.l(_printf_percent_end.o)
    0x0800028c   0x00000002   Code   RO         2145    .ARM.Collect$$libinit$$00000000  c_w.l(libinit.o)
    0x0800028e   0x00000004   Code   RO         2161    .ARM.Collect$$libinit$$00000001  c_w.l(libinit2.o)
    0x08000292   0x00000000   Code   RO         2164    .ARM.Collect$$libinit$$00000004  c_w.l(libinit2.o)
    0x08000292   0x00000000   Code   RO         2167    .ARM.Collect$$libinit$$0000000A  c_w.l(libinit2.o)
    0x08000292   0x00000000   Code   RO         2169    .ARM.Collect$$libinit$$0000000C  c_w.l(libinit2.o)
    0x08000292   0x00000000   Code   RO         2171    .ARM.Collect$$libinit$$0000000E  c_w.l(libinit2.o)
    0x08000292   0x00000006   Code   RO         2172    .ARM.Collect$$libinit$$0000000F  c_w.l(libinit2.o)
    0x08000298   0x00000000   Code   RO         2174    .ARM.Collect$$libinit$$00000011  c_w.l(libinit2.o)
    0x08000298   0x0000000c   Code   RO         2175    .ARM.Collect$$libinit$$00000012  c_w.l(libinit2.o)
    0x080002a4   0x00000000   Code   RO         2176    .ARM.Collect$$libinit$$00000013  c_w.l(libinit2.o)
    0x080002a4   0x00000000   Code   RO         2178    .ARM.Collect$$libinit$$00000015  c_w.l(libinit2.o)
    0x080002a4   0x0000000a   Code   RO         2179    .ARM.Collect$$libinit$$00000016  c_w.l(libinit2.o)
    0x080002ae   0x00000000   Code   RO         2180    .ARM.Collect$$libinit$$00000017  c_w.l(libinit2.o)
    0x080002ae   0x00000000   Code   RO         2182    .ARM.Collect$$libinit$$00000019  c_w.l(libinit2.o)
    0x080002ae   0x00000000   Code   RO         2184    .ARM.Collect$$libinit$$0000001B  c_w.l(libinit2.o)
    0x080002ae   0x00000000   Code   RO         2186    .ARM.Collect$$libinit$$0000001D  c_w.l(libinit2.o)
    0x080002ae   0x00000000   Code   RO         2188    .ARM.Collect$$libinit$$0000001F  c_w.l(libinit2.o)
    0x080002ae   0x00000000   Code   RO         2190    .ARM.Collect$$libinit$$00000021  c_w.l(libinit2.o)
    0x080002ae   0x00000000   Code   RO         2192    .ARM.Collect$$libinit$$00000023  c_w.l(libinit2.o)
    0x080002ae   0x00000000   Code   RO         2194    .ARM.Collect$$libinit$$00000025  c_w.l(libinit2.o)
    0x080002ae   0x00000000   Code   RO         2198    .ARM.Collect$$libinit$$0000002C  c_w.l(libinit2.o)
    0x080002ae   0x00000000   Code   RO         2200    .ARM.Collect$$libinit$$0000002E  c_w.l(libinit2.o)
    0x080002ae   0x00000000   Code   RO         2202    .ARM.Collect$$libinit$$00000030  c_w.l(libinit2.o)
    0x080002ae   0x00000000   Code   RO         2204    .ARM.Collect$$libinit$$00000032  c_w.l(libinit2.o)
    0x080002ae   0x00000002   Code   RO         2205    .ARM.Collect$$libinit$$00000033  c_w.l(libinit2.o)
    0x080002b0   0x00000002   Code   RO         2223    .ARM.Collect$$libshutdown$$00000000  c_w.l(libshutdown.o)
    0x080002b2   0x00000000   Code   RO         2234    .ARM.Collect$$libshutdown$$00000003  c_w.l(libshutdown2.o)
    0x080002b2   0x00000000   Code   RO         2237    .ARM.Collect$$libshutdown$$00000006  c_w.l(libshutdown2.o)
    0x080002b2   0x00000000   Code   RO         2240    .ARM.Collect$$libshutdown$$00000009  c_w.l(libshutdown2.o)
    0x080002b2   0x00000000   Code   RO         2242    .ARM.Collect$$libshutdown$$0000000B  c_w.l(libshutdown2.o)
    0x080002b2   0x00000000   Code   RO         2245    .ARM.Collect$$libshutdown$$0000000E  c_w.l(libshutdown2.o)
    0x080002b2   0x00000002   Code   RO         2246    .ARM.Collect$$libshutdown$$0000000F  c_w.l(libshutdown2.o)
    0x080002b4   0x00000000   Code   RO         1986    .ARM.Collect$$rtentry$$00000000  c_w.l(__rtentry.o)
    0x080002b4   0x00000000   Code   RO         2066    .ARM.Collect$$rtentry$$00000002  c_w.l(__rtentry2.o)
    0x080002b4   0x00000006   Code   RO         2078    .ARM.Collect$$rtentry$$00000004  c_w.l(__rtentry4.o)
    0x080002ba   0x00000000   Code   RO         2068    .ARM.Collect$$rtentry$$00000009  c_w.l(__rtentry2.o)
    0x080002ba   0x00000004   Code   RO         2069    .ARM.Collect$$rtentry$$0000000A  c_w.l(__rtentry2.o)
    0x080002be   0x00000000   Code   RO         2071    .ARM.Collect$$rtentry$$0000000C  c_w.l(__rtentry2.o)
    0x080002be   0x00000008   Code   RO         2072    .ARM.Collect$$rtentry$$0000000D  c_w.l(__rtentry2.o)
    0x080002c6   0x00000002   Code   RO         2154    .ARM.Collect$$rtexit$$00000000  c_w.l(rtexit.o)
    0x080002c8   0x00000000   Code   RO         2207    .ARM.Collect$$rtexit$$00000002  c_w.l(rtexit2.o)
    0x080002c8   0x00000004   Code   RO         2208    .ARM.Collect$$rtexit$$00000003  c_w.l(rtexit2.o)
    0x080002cc   0x00000006   Code   RO         2209    .ARM.Collect$$rtexit$$00000004  c_w.l(rtexit2.o)
    0x080002d2   0x00000002   PAD
    0x080002d4   0x00000040   Code   RO          656    .text               startup_stm32f40_41xxx.o
    0x08000314   0x00000002   Code   RO         1944    .text               c_w.l(use_no_semi_2.o)
    0x08000316   0x00000002   PAD
    0x08000318   0x00000024   Code   RO         1946    .text               c_w.l(vsprintf.o)
    0x0800033c   0x00000018   Code   RO         1948    .text               c_w.l(__2printf.o)
    0x08000354   0x00000052   Code   RO         1954    .text               c_w.l(_printf_str.o)
    0x080003a6   0x00000002   PAD
    0x080003a8   0x00000188   Code   RO         1973    .text               c_w.l(__printf_flags_ss_wp.o)
    0x08000530   0x0000003e   Code   RO         1978    .text               c_w.l(strlen.o)
    0x0800056e   0x00000006   Code   RO         1980    .text               c_w.l(heapauxi.o)
    0x08000574   0x00000002   Code   RO         1984    .text               c_w.l(use_no_semi.o)
    0x08000576   0x0000004e   Code   RO         1987    .text               c_w.l(_printf_pad.o)
    0x080005c4   0x00000024   Code   RO         1989    .text               c_w.l(_printf_truncate.o)
    0x080005e8   0x00000078   Code   RO         1991    .text               c_w.l(_printf_dec.o)
    0x08000660   0x00000028   Code   RO         1993    .text               c_w.l(_printf_charcount.o)
    0x08000688   0x00000030   Code   RO         1995    .text               c_w.l(_printf_char_common.o)
    0x080006b8   0x0000000a   Code   RO         1997    .text               c_w.l(_sputc.o)
    0x080006c2   0x0000002c   Code   RO         1999    .text               c_w.l(_printf_char.o)
    0x080006ee   0x00000002   PAD
    0x080006f0   0x00000024   Code   RO         2001    .text               c_w.l(_printf_char_file.o)
    0x08000714   0x000000bc   Code   RO         2003    .text               c_w.l(_printf_wctomb.o)
    0x080007d0   0x0000007c   Code   RO         2006    .text               c_w.l(_printf_longlong_dec.o)
    0x0800084c   0x00000070   Code   RO         2012    .text               c_w.l(_printf_oct_int_ll.o)
    0x080008bc   0x00000094   Code   RO         2032    .text               c_w.l(_printf_hex_int_ll_ptr.o)
    0x08000950   0x0000008a   Code   RO         2080    .text               c_w.l(lludiv10.o)
    0x080009da   0x000000b2   Code   RO         2082    .text               c_w.l(_printf_intcommon.o)
    0x08000a8c   0x0000041a   Code   RO         2084    .text               c_w.l(_printf_fp_dec.o)
    0x08000ea6   0x00000002   PAD
    0x08000ea8   0x000002fc   Code   RO         2086    .text               c_w.l(_printf_fp_hex.o)
    0x080011a4   0x0000002c   Code   RO         2091    .text               c_w.l(_printf_wchar.o)
    0x080011d0   0x00000008   Code   RO         2093    .text               c_w.l(ferror.o)
    0x080011d8   0x00000040   Code   RO         2097    .text               c_w.l(_wcrtomb.o)
    0x08001218   0x0000004a   Code   RO         2099    .text               c_w.l(sys_stackheap_outer.o)
    0x08001262   0x00000002   PAD
    0x08001264   0x00000010   Code   RO         2101    .text               c_w.l(rt_ctype_table.o)
    0x08001274   0x00000008   Code   RO         2106    .text               c_w.l(rt_locale_intlibspace.o)
    0x0800127c   0x00000080   Code   RO         2108    .text               c_w.l(_printf_fp_infnan.o)
    0x080012fc   0x000000dc   Code   RO         2110    .text               c_w.l(bigflt0.o)
    0x080013d8   0x0000000c   Code   RO         2138    .text               c_w.l(exit.o)
    0x080013e4   0x00000008   Code   RO         2151    .text               c_w.l(libspace.o)
    0x080013ec   0x00000080   Code   RO         2159    .text               c_w.l(strcmpv7m.o)
    0x0800146c   0x0000003e   Code   RO         2113    CL$$btod_d2e        c_w.l(btod.o)
    0x080014aa   0x00000046   Code   RO         2115    CL$$btod_d2e_denorm_low  c_w.l(btod.o)
    0x080014f0   0x00000060   Code   RO         2114    CL$$btod_d2e_norm_op1  c_w.l(btod.o)
    0x08001550   0x00000338   Code   RO         2123    CL$$btod_div_common  c_w.l(btod.o)
    0x08001888   0x000000c6   Code   RO         2120    CL$$btod_e2e        c_w.l(btod.o)
    0x0800194e   0x00000028   Code   RO         2117    CL$$btod_ediv       c_w.l(btod.o)
    0x08001976   0x00000028   Code   RO         2116    CL$$btod_emul       c_w.l(btod.o)
    0x0800199e   0x00000244   Code   RO         2122    CL$$btod_mult_common  c_w.l(btod.o)
    0x08001be2   0x00000002   PAD
    0x08001be4   0x0000010c   Code   RO          528    i.BCOMPONENT_Init   bcomponent.o
    0x08001cf0   0x00000040   Code   RO          324    i.BEEP_Init         beep.o
    0x08001d30   0x00000004   Code   RO          170    i.BusFault_Handler  stm32f4xx_it.o
    0x08001d34   0x00000002   Code   RO          171    i.DebugMon_Handler  stm32f4xx_it.o
    0x08001d36   0x00000090   Code   RO          707    i.GPIO_Init         stm32f4xx_gpio.o
    0x08001dc6   0x00000046   Code   RO          708    i.GPIO_PinAFConfig  stm32f4xx_gpio.o
    0x08001e0c   0x00000004   Code   RO          714    i.GPIO_ResetBits    stm32f4xx_gpio.o
    0x08001e10   0x00000004   Code   RO          715    i.GPIO_SetBits      stm32f4xx_gpio.o
    0x08001e14   0x00000074   Code   RO          390    i.HC05_Init         hc05.o
    0x08001e88   0x00000004   Code   RO          172    i.HardFault_Handler  stm32f4xx_it.o
    0x08001e8c   0x00000040   Code   RO          304    i.LED_Init          led.o
    0x08001ecc   0x00000004   Code   RO          173    i.MemManage_Handler  stm32f4xx_it.o
    0x08001ed0   0x00000002   Code   RO          174    i.NMI_Handler       stm32f4xx_it.o
    0x08001ed2   0x00000002   PAD
    0x08001ed4   0x00000078   Code   RO          662    i.NVIC_Init         misc.o
    0x08001f4c   0x00000014   Code   RO          663    i.NVIC_PriorityGroupConfig  misc.o
    0x08001f60   0x00000002   Code   RO          175    i.PendSV_Handler    stm32f4xx_it.o
    0x08001f62   0x00000002   PAD
    0x08001f64   0x00000020   Code   RO          804    i.RCC_AHB1PeriphClockCmd  stm32f4xx_rcc.o
    0x08001f84   0x00000020   Code   RO          813    i.RCC_APB1PeriphClockCmd  stm32f4xx_rcc.o
    0x08001fa4   0x00000020   Code   RO          815    i.RCC_APB1PeriphResetCmd  stm32f4xx_rcc.o
    0x08001fc4   0x00000020   Code   RO          816    i.RCC_APB2PeriphClockCmd  stm32f4xx_rcc.o
    0x08001fe4   0x00000020   Code   RO          818    i.RCC_APB2PeriphResetCmd  stm32f4xx_rcc.o
    0x08002004   0x000000e8   Code   RO          825    i.RCC_GetClocksFreq  stm32f4xx_rcc.o
    0x080020ec   0x000000e4   Code   RO          344    i.Remote_Init       remote.o
    0x080021d0   0x00000068   Code   RO          345    i.Remote_Scan       remote.o
    0x08002238   0x00000002   Code   RO          176    i.SVC_Handler       stm32f4xx_it.o
    0x0800223a   0x00000002   PAD
    0x0800223c   0x000000ec   Code   RO          267    i.SetSysClock       system_stm32f4xx.o
    0x08002328   0x00000028   Code   RO          666    i.SysTick_CLKSourceConfig  misc.o
    0x08002350   0x00000002   Code   RO          177    i.SysTick_Handler   stm32f4xx_it.o
    0x08002352   0x00000002   PAD
    0x08002354   0x00000068   Code   RO          269    i.SystemInit        system_stm32f4xx.o
    0x080023bc   0x0000003a   Code   RO         1382    i.TI1_Config        stm32f4xx_tim.o
    0x080023f6   0x00000050   Code   RO         1383    i.TI2_Config        stm32f4xx_tim.o
    0x08002446   0x00000048   Code   RO         1384    i.TI3_Config        stm32f4xx_tim.o
    0x0800248e   0x00000050   Code   RO         1385    i.TI4_Config        stm32f4xx_tim.o
    0x080024de   0x00000002   PAD
    0x080024e0   0x00000138   Code   RO          346    i.TIM1_CC_IRQHandler  remote.o
    0x08002618   0x00000078   Code   RO          347    i.TIM1_UP_TIM10_IRQHandler  remote.o
    0x08002690   0x000000d0   Code   RO          478    i.TIM5_IRQHandler   timer.o
    0x08002760   0x00000034   Code   RO          479    i.TIM7_IRQHandler   timer.o
    0x08002794   0x0000005c   Code   RO          480    i.TIM7_Int_Init     timer.o
    0x080027f0   0x00000006   Code   RO         1393    i.TIM_ClearITPendingBit  stm32f4xx_tim.o
    0x080027f6   0x00000018   Code   RO         1398    i.TIM_Cmd           stm32f4xx_tim.o
    0x0800280e   0x00000006   Code   RO         1413    i.TIM_GetCapture1   stm32f4xx_tim.o
    0x08002814   0x00000022   Code   RO         1419    i.TIM_GetITStatus   stm32f4xx_tim.o
    0x08002836   0x0000006e   Code   RO         1421    i.TIM_ICInit        stm32f4xx_tim.o
    0x080028a4   0x00000012   Code   RO         1423    i.TIM_ITConfig      stm32f4xx_tim.o
    0x080028b6   0x00000012   Code   RO         1429    i.TIM_OC1PolarityConfig  stm32f4xx_tim.o
    0x080028c8   0x00000004   Code   RO         1464    i.TIM_SetCounter    stm32f4xx_tim.o
    0x080028cc   0x00000012   Code   RO         1465    i.TIM_SetIC1Prescaler  stm32f4xx_tim.o
    0x080028de   0x0000001a   Code   RO         1466    i.TIM_SetIC2Prescaler  stm32f4xx_tim.o
    0x080028f8   0x00000012   Code   RO         1467    i.TIM_SetIC3Prescaler  stm32f4xx_tim.o
    0x0800290a   0x0000001a   Code   RO         1468    i.TIM_SetIC4Prescaler  stm32f4xx_tim.o
    0x08002924   0x00000084   Code   RO         1470    i.TIM_TimeBaseInit  stm32f4xx_tim.o
    0x080029a8   0x00000088   Code   RO          606    i.USART1_IRQHandler  usart.o
    0x08002a30   0x00000070   Code   RO          430    i.USART3_IRQHandler  usart3.o
    0x08002aa0   0x00000018   Code   RO         1198    i.USART_Cmd         stm32f4xx_usart.o
    0x08002ab8   0x000000f0   Code   RO         1200    i.USART_DeInit      stm32f4xx_usart.o
    0x08002ba8   0x0000001a   Code   RO         1201    i.USART_GetFlagStatus  stm32f4xx_usart.o
    0x08002bc2   0x00000054   Code   RO         1202    i.USART_GetITStatus  stm32f4xx_usart.o
    0x08002c16   0x0000004a   Code   RO         1204    i.USART_ITConfig    stm32f4xx_usart.o
    0x08002c60   0x000000d4   Code   RO         1205    i.USART_Init        stm32f4xx_usart.o
    0x08002d34   0x0000000a   Code   RO         1212    i.USART_ReceiveData  stm32f4xx_usart.o
    0x08002d3e   0x00000008   Code   RO         1215    i.USART_SendData    stm32f4xx_usart.o
    0x08002d46   0x00000004   Code   RO          178    i.UsageFault_Handler  stm32f4xx_it.o
    0x08002d4a   0x00000030   Code   RO         2149    i.__ARM_fpclassify  m_wm.l(fpclassify.o)
    0x08002d7a   0x0000000e   Code   RO         1966    i._is_digit         c_w.l(__printf_wp.o)
    0x08002d88   0x00000004   Code   RO          607    i._sys_exit         usart.o
    0x08002d8c   0x0000003c   Code   RO          548    i.delay_init        delay.o
    0x08002dc8   0x00000038   Code   RO          549    i.delay_ms          delay.o
    0x08002e00   0x0000004c   Code   RO          551    i.delay_xms         delay.o
    0x08002e4c   0x0000001c   Code   RO          608    i.fputc             usart.o
    0x08002e68   0x00000658   Code   RO            3    i.main              main.o
    0x080034c0   0x00000050   Code   RO          431    i.u3_printf         usart3.o
    0x08003510   0x000000ac   Code   RO          609    i.uart_init         usart.o
    0x080035bc   0x000000d4   Code   RO          432    i.usart3_init       usart3.o
    0x08003690   0x0000002c   Code   RO         2136    locale$$code        c_w.l(lc_numeric_c.o)
    0x080036bc   0x0000002c   Code   RO         2157    locale$$code        c_w.l(lc_ctype_c.o)
    0x080036e8   0x0000000a   Code   RO         2215    x$fpl$fpinit        fz_wm.l(fpinit.o)
    0x080036f2   0x00000004   Code   RO         2057    x$fpl$printf1       fz_wm.l(printf1.o)
    0x080036f6   0x00000004   Code   RO         2059    x$fpl$printf2       fz_wm.l(printf2.o)
    0x080036fa   0x00000000   Code   RO         2148    x$fpl$usenofp       fz_wm.l(usenofp.o)
    0x080036fa   0x00000011   Data   RO         1974    .constdata          c_w.l(__printf_flags_ss_wp.o)
    0x0800370b   0x00000001   PAD
    0x0800370c   0x00000008   Data   RO         2004    .constdata          c_w.l(_printf_wctomb.o)
    0x08003714   0x00000028   Data   RO         2033    .constdata          c_w.l(_printf_hex_int_ll_ptr.o)
    0x0800373c   0x00000026   Data   RO         2087    .constdata          c_w.l(_printf_fp_hex.o)
    0x08003762   0x00000002   PAD
    0x08003764   0x00000094   Data   RO         2111    .constdata          c_w.l(bigflt0.o)
    0x080037f8   0x00000020   Data   RO         2278    Region$$Table       anon$$obj.o
    0x08003818   0x0000001c   Data   RO         2135    locale$$data        c_w.l(lc_numeric_c.o)
    0x08003834   0x00000110   Data   RO         2156    locale$$data        c_w.l(lc_ctype_c.o)


    Execution Region RW_IRAM1 (Base: 0x20000000, Size: 0x00000a78, Max: 0x00020000, ABSOLUTE)

    Base Addr    Size         Type   Attr      Idx    E Section Name        Object

    0x20000000   0x00000009   Data   RW          348    .data               remote.o
    0x20000009   0x00000001   PAD
    0x2000000a   0x00000002   Data   RW          434    .data               usart3.o
    0x2000000c   0x00000008   Data   RW          482    .data               timer.o
    0x20000014   0x00000004   Data   RW          552    .data               delay.o
    0x20000018   0x00000006   Data   RW          611    .data               usart.o
    0x2000001e   0x00000010   Data   RW          857    .data               stm32f4xx_rcc.o
    0x2000002e   0x00000002   PAD
    0x20000030   0x00000320   Zero   RW          433    .bss                usart3.o
    0x20000350   0x000000c8   Zero   RW          610    .bss                usart.o
    0x20000418   0x00000060   Zero   RW         2152    .bss                c_w.l(libspace.o)
    0x20000478   0x00000200   Zero   RW          654    HEAP                startup_stm32f40_41xxx.o
    0x20000678   0x00000400   Zero   RW          653    STACK               startup_stm32f40_41xxx.o


==============================================================================

Image component sizes


      Code (inc. data)   RO Data    RW Data    ZI Data      Debug   Object Name

       268         20          0          0          0        654   bcomponent.o
        64          4          0          0          0        504   beep.o
       192         12          0          4          0       1792   delay.o
       116         12          0          0          0        604   hc05.o
        64          4          0          0          0        495   led.o
      1624        306          0          0          0     282831   main.o
       180         24          0          0          0       1937   misc.o
       764         56          0          9          0       2752   remote.o
        64         26        392          0       1536        812   startup_stm32f40_41xxx.o
       222          0          0          0          0       2691   stm32f4xx_gpio.o
        26          0          0          0          0       3758   stm32f4xx_it.o
       392         48          0         16          0       5529   stm32f4xx_rcc.o
       730         28          0          0          0      10546   stm32f4xx_tim.o
       678         42          0          0          0       5752   stm32f4xx_usart.o
       340         32          0          0          0       1369   system_stm32f4xx.o
       352         30          0          8          0       2011   timer.o
       340         28          0          6        200       4032   usart.o
       404         40          0          2        800       3142   usart3.o

    ----------------------------------------------------------------------
      6830        712        424         48       2536     331211   Object Totals
         0          0         32          0          0          0   (incl. Generated)
        10          0          0          3          0          0   (incl. Padding)

    ----------------------------------------------------------------------

      Code (inc. data)   RO Data    RW Data    ZI Data      Debug   Library Member Name

        24          4          0          0          0         84   __2printf.o
         8          0          0          0          0         68   __main.o
       392          4         17          0          0         92   __printf_flags_ss_wp.o
        14          0          0          0          0         68   __printf_wp.o
         0          0          0          0          0          0   __rtentry.o
        12          0          0          0          0          0   __rtentry2.o
         6          0          0          0          0          0   __rtentry4.o
        52          8          0          0          0          0   __scatter.o
        26          0          0          0          0          0   __scatter_copy.o
        28          0          0          0          0          0   __scatter_zi.o
         6          0          0          0          0          0   _printf_a.o
         6          0          0          0          0          0   _printf_c.o
        44          0          0          0          0        108   _printf_char.o
        48          6          0          0          0         96   _printf_char_common.o
        36          4          0          0          0         80   _printf_char_file.o
        40          0          0          0          0         68   _printf_charcount.o
         6          0          0          0          0          0   _printf_d.o
       120         16          0          0          0         92   _printf_dec.o
         6          0          0          0          0          0   _printf_e.o
         6          0          0          0          0          0   _printf_f.o
      1050          0          0          0          0        216   _printf_fp_dec.o
       764         10         38          0          0        100   _printf_fp_hex.o
       128         16          0          0          0         84   _printf_fp_infnan.o
         6          0          0          0          0          0   _printf_g.o
       148          4         40          0          0        160   _printf_hex_int_ll_ptr.o
         6          0          0          0          0          0   _printf_i.o
       178          0          0          0          0         88   _printf_intcommon.o
        10          0          0          0          0          0   _printf_l.o
         6          0          0          0          0          0   _printf_lc.o
        10          0          0          0          0          0   _printf_ll.o
         6          0          0          0          0          0   _printf_lld.o
         6          0          0          0          0          0   _printf_lli.o
         6          0          0          0          0          0   _printf_llo.o
         6          0          0          0          0          0   _printf_llu.o
         6          0          0          0          0          0   _printf_llx.o
       124         16          0          0          0         92   _printf_longlong_dec.o
         6          0          0          0          0          0   _printf_ls.o
         6          0          0          0          0          0   _printf_n.o
         6          0          0          0          0          0   _printf_o.o
       112          8          0          0          0        124   _printf_oct_int_ll.o
         6          0          0          0          0          0   _printf_p.o
        78          0          0          0          0        108   _printf_pad.o
         0          0          0          0          0          0   _printf_percent.o
         4          0          0          0          0          0   _printf_percent_end.o
         6          0          0          0          0          0   _printf_s.o
        82          0          0          0          0         80   _printf_str.o
        36          0          0          0          0         84   _printf_truncate.o
         6          0          0          0          0          0   _printf_u.o
        44          0          0          0          0        108   _printf_wchar.o
       188          6          8          0          0         92   _printf_wctomb.o
         6          0          0          0          0          0   _printf_x.o
        10          0          0          0          0         68   _sputc.o
        64          0          0          0          0         92   _wcrtomb.o
       220          4        148          0          0         96   bigflt0.o
      1910        128          0          0          0        672   btod.o
        12          0          0          0          0         72   exit.o
         8          0          0          0          0         68   ferror.o
         6          0          0          0          0        152   heapauxi.o
        44         10        272          0          0         76   lc_ctype_c.o
        44         10         28          0          0         76   lc_numeric_c.o
         2          0          0          0          0          0   libinit.o
        34          0          0          0          0          0   libinit2.o
         2          0          0          0          0          0   libshutdown.o
         2          0          0          0          0          0   libshutdown2.o
         8          4          0          0         96         68   libspace.o
       138          0          0          0          0         80   lludiv10.o
        16          4          0          0          0         76   rt_ctype_table.o
         8          4          0          0          0         68   rt_locale_intlibspace.o
         2          0          0          0          0          0   rtexit.o
        10          0          0          0          0          0   rtexit2.o
       128          0          0          0          0         68   strcmpv7m.o
        62          0          0          0          0         76   strlen.o
        74          0          0          0          0         80   sys_stackheap_outer.o
         2          0          0          0          0         68   use_no_semi.o
         2          0          0          0          0         68   use_no_semi_2.o
        36          4          0          0          0         76   vsprintf.o
        10          0          0          0          0        116   fpinit.o
         4          0          0          0          0        116   printf1.o
         4          0          0          0          0        116   printf2.o
         0          0          0          0          0          0   usenofp.o
        48          0          0          0          0        124   fpclassify.o

    ----------------------------------------------------------------------
      6852        270        554          0         96       4664   Library Totals
        16          0          3          0          0          0   (incl. Padding)

    ----------------------------------------------------------------------

      Code (inc. data)   RO Data    RW Data    ZI Data      Debug   Library Name

      6770        270        551          0         96       4192   c_w.l
        18          0          0          0          0        348   fz_wm.l
        48          0          0          0          0        124   m_wm.l

    ----------------------------------------------------------------------
      6852        270        554          0         96       4664   Library Totals

    ----------------------------------------------------------------------

==============================================================================


      Code (inc. data)   RO Data    RW Data    ZI Data      Debug   

     13682        982        978         48       2632     326787   Grand Totals
     13682        982        978         48       2632     326787   ELF Image Totals
     13682        982        978         48          0          0   ROM Totals

==============================================================================

    Total RO  Size (Code + RO Data)                14660 (  14.32kB)
    Total RW  Size (RW Data + ZI Data)              2680 (   2.62kB)
    Total ROM Size (Code + RO Data + RW Data)      14708 (  14.36kB)

==============================================================================

